PRT2
462
457
1117
4 0 10 (2480 784 336) (2480 784 335.2138976801872) (2480 528 335.2138976801872) (2480 528 336) 
4 0 4 (2488 528 335.2138976801872) (2480 528 335.2138976801872) (2480 776 335.2138976801872) (2488 776 335.2138976801872) 
4 0 3 (2736 528 335.2138976801872) (2488 528 335.2138976801872) (2488 776 335.2138976801872) (2736 776 335.2138976801872) 
4 0 2 (2480 776 335.2138976801872) (2480 784 335.2138976801872) (2488 784 335.2138976801872) (2488 776 335.2138976801872) 
4 0 1 (2488 784 335.2138976801872) (2736 784 335.2138976801872) (2736 776 335.2138976801872) (2488 776 335.2138976801872) 
4 1 7 (2488 784 327.213897680185) (2736 784 327.213897680185) (2736 776 327.213897680185) (2488 776 327.213897680185) 
4 1 3 (2488 776 327.213897680185) (2736 776 327.213897680185) (2736 776 335.2138976801872) (2488 776 335.2138976801872) 
4 1 2 (2488 784 335.2138976801872) (2488 784 327.213897680185) (2488 776 327.213897680185) (2488 776 335.2138976801872) 
4 2 11 (2480 784 327.213897680185) (2480 776 327.213897680185) (2480 776 335.2138976801872) (2480 784 335.2138976801872) 
4 2 7 (2480 776 327.213897680185) (2480 784 327.213897680185) (2488 784 327.213897680185) (2488 776 327.213897680185) 
4 2 4 (2480 776 327.213897680185) (2488 776 327.213897680185) (2488 776 335.2138976801872) (2480 776 335.2138976801872) 
4 3 8 (2736 528 327.213897680185) (2488 528 327.213897680185) (2488 776 327.213897680185) (2736 776 327.213897680185) 
4 3 5 (2488 528 327.213897680185) (2736 528 327.213897680185) (2736 528 335.2138976801872) (2488 528 335.2138976801872) 
4 3 4 (2488 776 335.2138976801872) (2488 776 327.213897680185) (2488 528 327.213897680185) (2488 528 335.2138976801872) 
4 4 11 (2480 776 327.213897680185) (2480 528 327.213897680185) (2480 528 335.2138976801872) (2480 776 335.2138976801872) 
4 4 8 (2488 528 327.213897680185) (2480 528 327.213897680185) (2480 776 327.213897680185) (2488 776 327.213897680185) 
4 4 6 (2480 528 335.2138976801872) (2480 528 327.213897680185) (2488 528 327.213897680185) (2488 528 335.2138976801872) 
4 5 15 (2488 520 327.213897680185) (2736 520 327.213897680185) (2736 520 335.2138976801872) (2488 520 335.2138976801872) 
4 5 9 (2736 520 327.213897680185) (2488 520 327.213897680185) (2488 528 327.213897680185) (2736 528 327.213897680185) 
4 5 6 (2488 520 335.2138976801872) (2488 528 335.2138976801872) (2488 528 327.213897680185) (2488 520 327.213897680185) 
4 6 16 (2480 520 335.2138976801872) (2480 520 327.213897680185) (2488 520 327.213897680185) (2488 520 335.2138976801872) 
4 6 12 (2480 528 335.2138976801872) (2480 528 327.213897680185) (2480 520 327.213897680185) (2480 520 335.2138976801872) 
4 6 9 (2488 520 327.213897680185) (2480 520 327.213897680185) (2480 528 327.213897680185) (2488 528 327.213897680185) 
4 7 86 (2480 776 -360) (2480 784 -360) (2736 784 -360) (2736 776 -360) 
4 7 13 (2480 784 -360) (2480 776 -360) (2480 776 327.213897680185) (2480 784 327.213897680185) 
4 7 8 (2736 776 -360) (2736 776 327.213897680185) (2480 776 327.213897680185) (2480 776 -360) 
4 8 87 (2736 528 -360) (2480 528 -360) (2480 776 -360) (2736 776 -360) 
4 8 13 (2480 776 -360) (2480 528 -360) (2480 528 327.213897680185) (2480 776 327.213897680185) 
4 8 9 (2736 528 327.213897680185) (2480 528 327.213897680185) (2480 528 -360) (2736 528 -360) 
4 9 89 (2736 520 -360) (2480 520 -360) (2480 528 -360) (2736 528 -360) 
4 9 17 (2480 520 327.213897680185) (2480 520 -360) (2736 520 -360) (2736 520 327.213897680185) 
4 10 26 (24 784 336) (24 784 335.2138976801872) (24 528 335.2138976801872) (24 528 336) 
4 10 11 (2480 528 335.2138976801872) (24 528 335.2138976801872) (24 784 335.2138976801872) (2480 784 335.2138976801872) 
4 11 26 (24 784 335.2138976801872) (24 784 327.213897680185) (24 528 327.213897680185) (24 528 335.2138976801872) 
4 11 13 (2480 784 327.213897680185) (2480 528 327.213897680185) (24 528 327.213897680185) (24 784 327.213897680185) 
4 11 12 (24 528 335.2138976801872) (24 528 327.213897680185) (2480 528 327.213897680185) (2480 528 335.2138976801872) 
4 12 27 (24 528 335.2138976801872) (24 528 327.213897680185) (24 520 327.213897680185) (24 520 335.2138976801872) 
4 12 23 (24 520 335.2138976801872) (24 520 327.213897680185) (1304 520 327.213897680185) (1304 520 335.2138976801872) 
4 12 18 (1304 520 327.213897680185) (2480 520 327.213897680185) (2480 520 335.2138976801872) (1304 520 335.2138976801872) 
4 13 227 (24 528 -360) (24 784 -360) (1288 784 -360) (1288 528 -360) 
4 13 174 (1288 784 -360) (1552 784 -360) (1552 528 -360) (1288 528 -360) 
4 13 168 (1552 784 -360) (1568 784 -360) (1568 528 -360) (1552 528 -360) 
4 13 88 (1568 784 -360) (2480 784 -360) (2480 528 -360) (1568 528 -360) 
4 13 26 (24 784 -360) (24 528 -360) (24 528 327.213897680185) (24 784 327.213897680185) 
4 14 233 (32 520 -360) (24 520 -360) (24 528 -360) (32 528 -360) 
4 14 230 (1088 520 -360) (32 520 -360) (32 528 -360) (1088 528 -360) 
4 14 229 (1288 520 -360) (1088 520 -360) (1088 528 -360) (1288 528 -360) 
4 14 175 (1552 520 -360) (1288 520 -360) (1288 528 -360) (1552 528 -360) 
4 14 169 (1568 520 -360) (1552 520 -360) (1552 528 -360) (1568 528 -360) 
4 14 90 (2480 520 -360) (1568 520 -360) (1568 528 -360) (2480 528 -360) 
4 14 25 (24 520 327.213897680185) (24 520 -360) (1288 520 -360) (1288 520 327.213897680185) 
4 14 24 (1304 520 -264) (1304 520 327.213897680185) (1288 520 327.213897680185) (1288 520 -264) 
4 14 22 (1568 520 -264) (1568 520 327.213897680185) (1304 520 327.213897680185) (1304 520 -264) 
4 14 21 (1568 520 -360) (1752 520 -360) (1752 520 327.213897680185) (1568 520 327.213897680185) 
4 14 20 (1840 520 -272) (1840 520 327.213897680185) (1752 520 327.213897680185) (1752 520 -272) 
4 14 19 (1840 520 -360) (2480 520 -360) (2480 520 327.213897680185) (1840 520 327.213897680185) 
4 15 28 (2488 504 327.213897680185) (2736 504 327.213897680185) (2736 504 335.2138976801872) (2488 504 335.2138976801872) 
4 15 17 (2736 504 327.213897680185) (2488 504 327.213897680185) (2488 520 327.213897680185) (2736 520 327.213897680185) 
4 15 16 (2488 520 327.213897680185) (2488 504 327.213897680185) (2488 504 335.2138976801872) (2488 520 335.2138976801872) 
4 16 29 (2480 504 335.2138976801872) (2480 504 327.213897680185) (2488 504 327.213897680185) (2488 504 335.2138976801872) 
4 16 18 (2480 520 335.2138976801872) (2480 520 327.213897680185) (2480 504 327.213897680185) (2480 504 335.2138976801872) 
4 16 17 (2488 504 327.213897680185) (2480 504 327.213897680185) (2480 520 327.213897680185) (2488 520 327.213897680185) 
4 17 91 (2736 504 -360) (2480 504 -360) (2480 520 -360) (2736 520 -360) 
4 17 30 (2480 504 327.213897680185) (2480 504 -360) (2736 504 -360) (2736 504 327.213897680185) 
4 18 42 (1304 504 335.2138976801872) (1304 504 327.213897680185) (1552 504 327.213897680185) (1552 504 335.2138976801872) 
4 18 38 (1552 504 327.213897680185) (1568 504 327.213897680185) (1568 504 335.2138976801872) (1552 504 335.2138976801872) 
4 18 36 (1568 504 327.213897680185) (1840 504 327.213897680185) (1840 504 335.2138976801872) (1568 504 335.2138976801872) 
4 18 31 (1840 504 327.213897680185) (2480 504 327.213897680185) (2480 504 335.2138976801872) (1840 504 335.2138976801872) 
4 18 23 (1304 520 335.2138976801872) (1304 520 327.213897680185) (1304 504 327.213897680185) (1304 504 335.2138976801872) 
4 19 92 (2480 504 -360) (1840 504 -360) (1840 520 -360) (2480 520 -360) 
4 19 32 (1840 504 -360) (2480 504 -360) (2480 504 327.213897680185) (1840 504 327.213897680185) 
4 19 20 (1840 504 -272) (1840 504 327.213897680185) (1840 520 327.213897680185) (1840 520 -272) 
4 20 37 (1840 504 -268.96551724137936) (1840 504 327.213897680185) (1752 504 327.213897680185) (1752 504 -268.9655172413794) 
4 20 21 (1752 504 -272) (1752 504 327.213897680185) (1752 520 327.213897680185) (1752 520 -272) 
4 21 93 (1752 504 -360) (1568 504 -360) (1568 520 -360) (1752 520 -360) 
4 21 37 (1752 504 -268.96551724137936) (1752 504 327.213897680185) (1568 504 327.213897680185) (1568 504 -268.9655172413793) 
4 21 22 (1568 504 -264) (1568 504 327.213897680185) (1568 520 327.213897680185) (1568 520 -264) 
4 22 44 (1304 504 327.213897680185) (1304 504 -264) (1512 504 -264) (1512 504 327.213897680185) 
4 22 43 (1512 504 -264) (1552 504 -264) (1552 504 327.213897680185) (1512 504 327.213897680185) 
4 22 39 (1552 504 -264) (1568 504 -264) (1568 504 327.213897680185) (1552 504 327.213897680185) 
4 22 24 (1304 520 327.213897680185) (1304 520 -264) (1304 504 -264) (1304 504 327.213897680185) 
4 23 74 (24 504 335.2138976801872) (24 504 327.213897680185) (1136 504 327.213897680185) (1136 504 335.2138976801872) 
4 23 62 (1136 504 327.213897680185) (1304 504 327.213897680185) (1304 504 335.2138976801872) (1136 504 335.2138976801872) 
4 23 27 (24 520 335.2138976801872) (24 520 327.213897680185) (24 504 327.213897680185) (24 504 335.2138976801872) 
4 24 63 (1304 504 -264) (1304 504 327.213897680185) (1288 504 327.213897680185) (1288 504 -264) 
4 24 25 (1288 504 -264) (1288 504 327.213897680185) (1288 520 327.213897680185) (1288 520 -264) 
4 25 233 (32 504 -360) (24 504 -360) (24 520 -360) (32 520 -360) 
4 25 230 (1088 504 -360) (32 504 -360) (32 520 -360) (1088 520 -360) 
4 25 229 (1288 504 -360) (1088 504 -360) (1088 520 -360) (1288 520 -360) 
4 25 75 (24 504 327.213897680185) (24 504 -360) (1136 504 -360) (1136 504 327.213897680185) 
4 25 68 (1136 504 -360) (1248 504 -360) (1248 504 327.213897680185) (1136 504 327.213897680185) 
4 25 65 (1248 504 -360) (1288 504 -360) (1288 504 327.213897680185) (1248 504 327.213897680185) 
4 26 228 (24 784 -360) (24 528 -360) (-232 528 -360) (-232 784 -360) 
4 26 27 (-232 528 336) (-232 528 -360) (24 528 -360) (24 528 336) 
4 27 234 (24 504 -360) (-232 504 -360) (-232 528 -360) (24 528 -360) 
4 27 84 (-232 504 336) (-232 504 -360) (24 504 -360) (24 504 336) 
4 28 33 (2488 -1784 327.213897680185) (2736 -1784 327.213897680185) (2736 -1784 335.2138976801872) (2488 -1784 335.2138976801872) 
4 28 30 (2736 -1784 327.213897680185) (2488 -1784 327.213897680185) (2488 504 327.213897680185) (2736 504 327.213897680185) 
4 28 29 (2488 504 327.213897680185) (2488 -1784 327.213897680185) (2488 -1784 335.2138976801872) (2488 504 335.2138976801872) 
4 29 33 (2480 -1784 335.2138976801872) (2480 -1784 327.213897680185) (2488 -1784 327.213897680185) (2488 -1784 335.2138976801872) 
4 29 31 (2480 504 335.2138976801872) (2480 504 327.213897680185) (2480 -1784 327.213897680185) (2480 -1784 335.2138976801872) 
4 29 30 (2488 -1784 327.213897680185) (2480 -1784 327.213897680185) (2480 504 327.213897680185) (2488 504 327.213897680185) 
4 30 399 (2736 -1784 -360) (2480 -1784 -360) (2480 -624 -360) (2736 -624 -360) 
4 30 397 (2480 -624 -360) (2480 -608 -360) (2736 -608 -360) (2736 -624 -360) 
4 30 363 (2480 -608 -360) (2480 -520 -360) (2736 -520 -360) (2736 -608 -360) 
4 30 346 (2480 -520 -360) (2480 -408 -360) (2736 -408 -360) (2736 -520 -360) 
4 30 332 (2480 -408 -360) (2480 -328 -360) (2736 -328 -360) (2736 -408 -360) 
4 30 303 (2480 -328 -360) (2480 -320 -360) (2736 -320 -360) (2736 -328 -360) 
4 30 290 (2480 -320 -360) (2480 -224 -360) (2736 -224 -360) (2736 -320 -360) 
4 30 104 (2480 -224 -360) (2480 504 -360) (2736 504 -360) (2736 -224 -360) 
4 30 33 (2480 -1784 327.213897680185) (2480 -1784 -360) (2736 -1784 -360) (2736 -1784 327.213897680185) 
4 31 77 (1840 -624 327.213897680185) (1840 -1784 327.213897680185) (1840 -1784 335.2138976801872) (1840 -624 335.2138976801872) 
4 31 36 (1840 504 335.2138976801872) (1840 504 327.213897680185) (1840 -624 327.213897680185) (1840 -624 335.2138976801872) 
4 31 35 (1840 -1784 335.2138976801872) (1840 -1784 327.213897680185) (2480 -1784 327.213897680185) (2480 -1784 335.2138976801872) 
4 32 402 (2480 -1784 -360) (1840 -1784 -360) (1840 -624 -360) (2480 -624 -360) 
4 32 398 (1840 -624 -360) (1840 -608 -360) (2480 -608 -360) (2480 -624 -360) 
4 32 364 (1840 -608 -360) (1840 -520 -360) (2480 -520 -360) (2480 -608 -360) 
4 32 347 (1840 -520 -360) (1840 -408 -360) (2480 -408 -360) (2480 -520 -360) 
4 32 333 (1840 -408 -360) (1840 -328 -360) (2480 -328 -360) (2480 -408 -360) 
4 32 304 (1840 -328 -360) (1840 -320 -360) (2480 -320 -360) (2480 -328 -360) 
4 32 291 (1840 -320 -360) (1840 -224 -360) (2480 -224 -360) (2480 -320 -360) 
4 32 105 (1840 -224 -360) (1840 504 -360) (2480 504 -360) (2480 -224 -360) 
4 32 80 (1840 -1016 -360) (1840 -1784 -360) (1840 -1784 -304) (1840 -1016 -304) 
4 32 79 (1840 -624 -360) (1840 -1016 -360) (1840 -1016 -304) (1840 -624 -304) 
4 32 78 (1840 -1784 -304) (1840 -1784 327.213897680185) (1840 -624 327.213897680185) (1840 -624 -304) 
4 32 57 (1840 -536 -360) (1840 -624 -360) (1840 -624 -336) (1840 -536 -336) 
4 32 56 (1840 -472 -360) (1840 -512 -360) (1840 -512 -336) (1840 -472 -336) 
4 32 55 (1840 -408 -360) (1840 -448 -360) (1840 -448 -336) (1840 -408 -336) 
4 32 54 (1840 -344 -360) (1840 -384 -360) (1840 -384 -336) (1840 -344 -336) 
4 32 51 (1840 240.0000000000001 -360) (1840 -320 -360) (1840 -320 -336) (1840 309.6 -336) 
5 32 37 (1840 504 327.213897680185) (1840 504 -268.9655172413793) (1840 309.60000000000014 -336) (1840 -624 -336) (1840 -624 327.213897680185) 
4 33 400 (2480 -1792 -360) (2480 -1784 -360) (2736 -1784 -360) (2736 -1792 -360) 
4 33 35 (2480 -1784 335.2138976801872) (2480 -1784 -360) (2480 -1792 -360) (2480 -1792 335.2138976801872) 
4 33 34 (2736 -1792 -360) (2736 -1792 335.2138976801872) (2480 -1792 335.2138976801872) (2480 -1792 -360) 
4 34 401 (2480 -2040 -360) (2480 -1792 -360) (2736 -1792 -360) (2736 -2040 -360) 
4 34 35 (2480 -1792 -360) (2480 -2040 -360) (2480 -2040 335.2138976801872) (2480 -1792 335.2138976801872) 
4 35 409 (1840 -2040 -360) (1840 -1784 -360) (1936 -1784 -360) (1936 -2040 -360) 
4 35 408 (2088 -1904 -360) (2088 -2040 -360) (1936 -2040 -360) (1936 -1904 -360) 
4 35 406 (2088 -1888 -360) (2088 -1904 -360) (1936 -1904 -360) (1936 -1888 -360) 
4 35 405 (1936 -1784 -360) (2088 -1784 -360) (2088 -1888 -360) (1936 -1888 -360) 
4 35 404 (2088 -1784 -360) (2480 -1784 -360) (2480 -2040 -360) (2088 -2040 -360) 
4 35 83 (1840 -1784 335.2138976801872) (1840 -1784 -360) (1840 -2040 -360) (1840 -2040 335.2138976801872) 
4 36 77 (1568 -624 335.2138976801872) (1568 -624 327.213897680185) (1840 -624 327.213897680185) (1840 -624 335.2138976801872) 
4 36 38 (1568 504 335.2138976801872) (1568 504 327.213897680185) (1568 -624 327.213897680185) (1568 -624 335.2138976801872) 
4 37 79 (1568 -624 -304) (1568 -624 -336) (1840 -624 -336) (1840 -624 -304) 
4 37 78 (1568 -624 327.213897680185) (1568 -624 -304) (1840 -624 -304) (1840 -624 327.213897680185) 
4 37 57 (1840 -624 -336) (1568 -624 -336) (1568 -536 -336) (1840 -536 -336) 
4 37 56 (1568 -512 -336) (1568 -472 -336) (1840 -472 -336) (1840 -512 -336) 
4 37 55 (1568 -448 -336) (1568 -408 -336) (1840 -408 -336) (1840 -448 -336) 
4 37 54 (1568 -384 -336) (1568 -344 -336) (1840 -344 -336) (1840 -384 -336) 
4 37 51 (1568 -320 -336) (1568 309.60000000000014 -336) (1840 309.60000000000014 -336) (1840 -320 -336) 
4 37 41 (1568 -320 -336) (1568 -624 -336) (1568 -624 327.213897680185) (1568 -320 327.213897680185) 
4 37 40 (1568 -320 -272) (1568 -320 327.213897680185) (1568 400 327.213897680185) (1568 400 -272) 
4 37 39 (1568 504 327.213897680185) (1568 504 -268.9655172413793) (1568 400 -304.82758620689657) (1568 400 327.213897680185) 
4 38 77 (1552 -624 335.2138976801872) (1552 -624 327.213897680185) (1568 -624 327.213897680185) (1568 -624 335.2138976801872) 
4 38 42 (1552 504 335.2138976801872) (1552 504 327.213897680185) (1552 -624 327.213897680185) (1552 -624 335.2138976801872) 
4 39 52 (1552 400 -336) (1552 504 -336) (1560 504 -336) (1560 400 -336) 
4 39 46 (1552 504 -312) (1552 504 -336) (1552 400 -336) (1552 400 -312) 
4 39 43 (1552 504 327.213897680185) (1552 504 -312) (1552 400 -312) (1552 400 327.213897680185) 
4 39 40 (1568 400 -272) (1568 400 327.213897680185) (1552 400 327.213897680185) (1552 400 -272) 
4 40 43 (1552 -320 -272) (1552 -320 327.213897680185) (1552 400 327.213897680185) (1552 400 -272) 
4 40 41 (1568 -320 -272) (1568 -320 327.213897680185) (1552 -320 327.213897680185) (1552 -320 -272) 
4 41 79 (1552 -624 -304) (1552 -624 -336) (1568 -624 -336) (1568 -624 -304) 
4 41 78 (1552 -624 327.213897680185) (1552 -624 -304) (1568 -624 -304) (1568 -624 327.213897680185) 
4 41 57 (1568 -624 -336) (1552 -624 -336) (1552 -536 -336) (1568 -536 -336) 
4 41 56 (1552 -512 -336) (1552 -472 -336) (1568 -472 -336) (1568 -512 -336) 
4 41 55 (1552 -448 -336) (1552 -408 -336) (1568 -408 -336) (1568 -448 -336) 
4 41 54 (1552 -384 -336) (1552 -344 -336) (1568 -344 -336) (1568 -384 -336) 
4 41 49 (1552 -320 -336) (1552 -624 -336) (1552 -624 -312) (1552 -320 -312) 
4 41 43 (1552 -624 -312) (1552 -624 327.213897680185) (1552 -320 327.213897680185) (1552 -320 -312) 
4 42 77 (1304 -624 335.2138976801872) (1304 -624 327.213897680185) (1552 -624 327.213897680185) (1552 -624 335.2138976801872) 
4 42 62 (1304 504 335.2138976801872) (1304 504 327.213897680185) (1304 -624 327.213897680185) (1304 -624 335.2138976801872) 
4 43 79 (1512 -624 -312) (1552 -624 -312) (1552 -624 -304) (1512 -624 -304) 
4 43 78 (1552 -624 -304) (1552 -624 327.213897680185) (1512 -624 327.213897680185) (1512 -624 -304) 
4 43 49 (1552 -112 -312) (1552 -624 -312) (1512 -624 -312) (1512 -112 -312) 
4 43 48 (1552 104 -312) (1552 -88 -312) (1512 -88 -312) (1512 104 -312) 
4 43 47 (1552 240 -312) (1552 128 -312) (1512 128 -312) (1512 240 -312) 
4 43 46 (1512 504 -312) (1552 504 -312) (1552 264 -312) (1512 264 -312) 
4 43 45 (1512 -624 -304) (1512 -624 327.213897680185) (1512 -312 327.213897680185) (1512 -312 -304) 
4 43 44 (1512 504 -312) (1512 -312 -312) (1512 -312 327.213897680185) (1512 504 327.213897680185) 
4 44 72 (1304 -224 -312) (1304 -312 -312) (1304 -312 327.213897680185) (1304 -224 327.213897680185) 
4 44 69 (1304 -184 -312) (1304 -224 -312) (1304 -224 327.213897680185) (1304 -184 327.213897680185) 
4 44 64 (1304 -112 -312) (1304 -184 -312) (1304 -184 327.213897680185) (1304 -112 327.213897680185) 
4 44 63 (1304 504 327.213897680185) (1304 504 -264) (1304 -112 -264) (1304 -112 327.213897680185) 
4 44 50 (1304 -312 -312) (1304 -112 -312) (1512 -112 -312) (1512 -312 -312) 
4 44 48 (1304 -88 -312) (1304 104 -312) (1512 104 -312) (1512 -88 -312) 
4 44 47 (1304 128 -312) (1304 240 -312) (1512 240 -312) (1512 128 -312) 
4 44 46 (1304 264 -312) (1304 504 -312) (1512 504 -312) (1512 264 -312) 
4 44 45 (1512 -312 -304) (1512 -312 327.213897680185) (1304 -312 327.213897680185) (1304 -312 -304) 
4 45 78 (1304 -624 327.213897680185) (1304 -624 -304) (1512 -624 -304) (1512 -624 327.213897680185) 
4 45 73 (1304 -624 -304) (1304 -624 327.213897680185) (1304 -312 327.213897680185) (1304 -312 -304) 
4 46 61 (1304 264 -336) (1304 504 -336) (1312 504 -336) (1312 264 -336) 
4 46 60 (1336 504 -336) (1376 504 -336) (1376 264 -336) (1336 264 -336) 
4 46 59 (1400 504 -336) (1440 504 -336) (1440 264 -336) (1400 264 -336) 
4 46 58 (1464 504 -336) (1512 504 -336) (1512 264 -336) (1464 264 -336) 
4 46 53 (1536 504 -336) (1552 504 -336) (1552 264 -336) (1536 264 -336) 
4 47 61 (1304 128 -336) (1304 240 -336) (1312 240 -336) (1312 128 -336) 
4 47 60 (1336 240 -336) (1376 240 -336) (1376 128 -336) (1336 128 -336) 
4 47 59 (1400 240 -336) (1440 240 -336) (1440 128 -336) (1400 128 -336) 
4 47 58 (1464 240 -336) (1512 240 -336) (1512 128 -336) (1464 128 -336) 
4 47 53 (1536 240 -336) (1552 240 -336) (1552 128 -336) (1536 128 -336) 
4 48 61 (1304 -88 -336) (1304 104 -336) (1312 104 -336) (1312 -88 -336) 
4 48 60 (1336 104 -336) (1376 104 -336) (1376 -88 -336) (1336 -88 -336) 
4 48 59 (1400 104 -336) (1440 104 -336) (1440 -88 -336) (1400 -88 -336) 
4 48 58 (1464 104 -336) (1512 104 -336) (1512 -88 -336) (1464 -88 -336) 
4 48 53 (1536 104 -336) (1552 104 -336) (1552 -88 -336) (1536 -88 -336) 
4 49 79 (1512 -624 -336) (1552 -624 -336) (1552 -624 -312) (1512 -624 -312) 
4 49 57 (1552 -624 -336) (1512 -624 -336) (1512 -536 -336) (1552 -536 -336) 
4 49 56 (1512 -512 -336) (1512 -472 -336) (1552 -472 -336) (1552 -512 -336) 
4 49 55 (1512 -448 -336) (1512 -408 -336) (1552 -408 -336) (1552 -448 -336) 
4 49 54 (1512 -384 -336) (1512 -344 -336) (1552 -344 -336) (1552 -384 -336) 
4 49 53 (1536 -112 -336) (1552 -112 -336) (1552 -320 -336) (1536 -320 -336) 
4 49 50 (1512 -112 -312) (1512 -112 -336) (1512 -312 -336) (1512 -312 -312) 
4 50 72 (1304 -224 -336) (1304 -312 -336) (1304 -312 -312) (1304 -224 -312) 
4 50 69 (1304 -184 -336) (1304 -224 -336) (1304 -224 -312) (1304 -184 -312) 
4 50 64 (1304 -112 -336) (1304 -184 -336) (1304 -184 -312) (1304 -112 -312) 
4 50 61 (1304 -312 -336) (1304 -112 -336) (1312 -112 -336) (1312 -312 -336) 
4 50 60 (1336 -112 -336) (1376 -112 -336) (1376 -312 -336) (1336 -312 -336) 
4 50 59 (1400 -112 -336) (1440 -112 -336) (1440 -312 -336) (1400 -312 -336) 
4 50 58 (1464 -112 -336) (1512 -112 -336) (1512 -312 -336) (1464 -312 -336) 
4 51 300 (1568 -304 -360) (1568 -288 -360) (1816 -288 -360) (1816 -304 -360) 
4 51 298 (1568 -288 -360) (1568 -280 -360) (1816 -280 -360) (1816 -288 -360) 
4 51 296 (1568 -264 -360) (1568 -256 -360) (1816 -256 -360) (1816 -264 -360) 
4 51 294 (1568 -256 -360) (1568 -232 -360) (1816 -232 -360) (1816 -256 -360) 
4 51 293 (1568 -232 -360) (1568 -224 -360) (1816 -224 -360) (1816 -232 -360) 
4 51 147 (1568 -208 -360) (1568 -200 -360) (1816 -200 -360) (1816 -208 -360) 
4 51 145 (1568 -200 -360) (1568 -176 -360) (1816 -176 -360) (1816 -200 -360) 
4 51 144 (1568 -176 -360) (1568 -167.99999999999997 -360) (1816 -167.99999999999997 -360) (1816 -176 -360) 
4 51 142 (1568 -151.99999999999997 -360) (1568 -144 -360) (1816 -144 -360) (1816 -151.99999999999997 -360) 
4 51 140 (1568 -144 -360) (1568 -120 -360) (1816 -120 -360) (1816 -144 -360) 
4 51 139 (1568 -120 -360) (1568 -112.00000000000001 -360) (1816 -112.00000000000001 -360) (1816 -120 -360) 
4 51 137 (1568 -96.00000000000006 -360) (1568 -88 -360) (1816 -88 -360) (1816 -96.00000000000006 -360) 
4 51 135 (1568 -88 -360) (1568 -64 -360) (1816 -64 -360) (1816 -88 -360) 
4 51 134 (1568 -64 -360) (1568 -56.00000000000001 -360) (1816 -56.00000000000001 -360) (1816 -64 -360) 
4 51 132 (1568 -40.00000000000006 -360) (1568 -32 -360) (1816 -32 -360) (1816 -40.00000000000006 -360) 
4 51 130 (1568 -32 -360) (1568 -8 -360) (1816 -8 -360) (1816 -32 -360) 
4 51 129 (1568 -8 -360) (1568 -7.105427357601002e-15 -360) (1816 -5.329070518200751e-15 -360) (1816 -8 -360) 
4 51 127 (1568 15.999999999999979 -360) (1568 24 -360) (1816 24 -360) (1816 15.99999999999998 -360) 
4 51 125 (1568 24 -360) (1568 48 -360) (1816 48 -360) (1816 24 -360) 
4 51 124 (1568 48 -360) (1568 55.99999999999999 -360) (1816 55.99999999999997 -360) (1816 48 -360) 
4 51 122 (1568 71.99999999999997 -360) (1568 80 -360) (1816 80 -360) (1816 71.99999999999999 -360) 
4 51 120 (1568 80 -360) (1568 104 -360) (1816 104 -360) (1816 80 -360) 
4 51 119 (1568 104 -360) (1568 112 -360) (1816 112.00000000000001 -360) (1816 104 -360) 
4 51 117 (1568 127.99999999999994 -360) (1568 136 -360) (1816 136 -360) (1816 127.99999999999994 -360) 
4 51 115 (1568 136 -360) (1568 160 -360) (1816 160 -360) (1816 136 -360) 
4 51 114 (1568 160 -360) (1568 167.99999999999997 -360) (1816 167.99999999999997 -360) (1816 160 -360) 
4 51 112 (1568 183.99999999999997 -360) (1568 192 -360) (1816 192 -360) (1816 183.99999999999997 -360) 
4 51 110 (1568 192 -360) (1568 216 -360) (1816 216 -360) (1816 192 -360) 
4 51 109 (1568 216 -360) (1568 223.99999999999991 -360) (1816 223.99999999999991 -360) (1816 216 -360) 
4 51 107 (1568 232 -360) (1568 240.0000000000001 -360) (1816 240.0000000000001 -360) (1816 232 -360) 
4 51 106 (1840 240.0000000000001 -360) (1840 232 -360) (1816 232 -360) (1816 240.0000000000001 -360) 
4 52 53 (1552 400 -336) (1552 504 -336) (1552 504 -344) (1552 400 -344) 
4 53 179 (1536 504 -360) (1544 504 -360) (1544 400 -360) (1536 400 -360) 
4 53 178 (1544 504 -360) (1552 504 -360) (1552 400 -360) (1544 400 -360) 
4 54 340 (1560 -384 -360) (1552 -384 -360) (1552 -344 -360) (1560 -344 -360) 
4 54 337 (1688 -384 -360) (1560 -384 -360) (1560 -344 -360) (1688 -344 -360) 
4 54 335 (1696 -384 -360) (1688 -384 -360) (1688 -344 -360) (1696 -344 -360) 
4 54 334 (1816 -384 -360) (1696 -384 -360) (1696 -344 -360) (1816 -344 -360) 
4 55 348 (1816 -448 -360) (1552 -448 -360) (1552 -408 -360) (1816 -408 -360) 
4 56 348 (1816 -512 -360) (1552 -512 -360) (1552 -472 -360) (1816 -472 -360) 
4 57 398 (1840 -608 -360) (1840 -624 -360) (1512 -624 -360) (1512 -608 -360) 
4 57 365 (1832 -608 -360) (1512 -608 -360) (1512 -536 -360) (1832 -536 -360) 
4 57 364 (1840 -536 -360) (1840 -608 -360) (1832 -608 -360) (1832 -536 -360) 
4 57 79 (1512 -624 -360) (1840 -624 -360) (1840 -624 -336) (1512 -624 -336) 
5 58 214 (1512 -112 -360) (1512 -128 -360) (1472 -128 -360) (1464 -120 -360) (1464 -112 -360) 
4 58 212 (1480 -112 -360) (1464 -112 -360) (1464 32 -360) (1480 32 -360) 
4 58 211 (1464 32 -360) (1464 64 -360) (1480 64 -360) (1480 32 -360) 
4 58 210 (1464 64 -360) (1464 88 -360) (1480 88 -360) (1480 64 -360) 
4 58 209 (1512 88 -360) (1512 -112 -360) (1480 -112 -360) (1480 88 -360) 
4 58 198 (1512 112 -360) (1512 88 -360) (1464 88 -360) (1464 112 -360) 
4 58 196 (1512 176 -360) (1512 120 -360) (1464 120 -360) (1464 176 -360) 
4 58 191 (1512 232 -360) (1512 176 -360) (1464 176 -360) (1464 232 -360) 
4 58 190 (1512 256 -360) (1512 232 -360) (1464 232 -360) (1464 256 -360) 
4 58 186 (1464 504 -360) (1512 504 -360) (1512 264 -360) (1464 264 -360) 
4 59 213 (1440 88 -360) (1440 -112 -360) (1400 -112 -360) (1400 88 -360) 
4 59 198 (1440 112 -360) (1440 88 -360) (1400 88 -360) (1400 112 -360) 
4 59 196 (1440 176 -360) (1440 120 -360) (1400 120 -360) (1400 176 -360) 
4 59 191 (1440 232 -360) (1440 176 -360) (1400 176 -360) (1400 232 -360) 
4 59 190 (1440 256 -360) (1440 232 -360) (1400 232 -360) (1400 256 -360) 
4 59 188 (1400 504 -360) (1440 504 -360) (1440 264 -360) (1400 264 -360) 
4 60 221 (1376 112 -360) (1376 -112 -360) (1336 -112 -360) (1336 112 -360) 
4 60 219 (1376 256 -360) (1376 120 -360) (1336 120 -360) (1336 256 -360) 
4 60 215 (1336 504 -360) (1376 504 -360) (1376 264 -360) (1336 264 -360) 
4 61 221 (1312 112 -360) (1312 -112 -360) (1304 -112 -360) (1304 112 -360) 
4 61 219 (1312 256 -360) (1312 120 -360) (1304 120 -360) (1304 256 -360) 
4 61 217 (1304 504 -360) (1312 504 -360) (1312 264 -360) (1304 264 -360) 
4 61 72 (1304 -224 -360) (1304 -312 -360) (1304 -312 -336) (1304 -224 -336) 
4 61 69 (1304 -184 -360) (1304 -224 -360) (1304 -224 -336) (1304 -184 -336) 
4 61 64 (1304 -112 -360) (1304 -184 -360) (1304 -184 -336) (1304 -112 -336) 
4 62 77 (1136 -624 335.2138976801872) (1136 -624 327.213897680185) (1304 -624 327.213897680185) (1304 -624 335.2138976801872) 
4 62 74 (1136 504 335.2138976801872) (1136 504 327.213897680185) (1136 -624 327.213897680185) (1136 -624 335.2138976801872) 
4 63 67 (1288 -112 327.213897680185) (1288 184 327.213897680185) (1288 184 -264) (1288 -112 -264) 
4 63 66 (1288 184 327.213897680185) (1288 224 327.213897680185) (1288 224 -264) (1288 184 -264) 
4 63 65 (1288 224 327.213897680185) (1288 504 327.213897680185) (1288 504 -264) (1288 224 -264) 
4 63 64 (1288 -112 327.213897680185) (1288 -112 -264) (1304 -112 -264) (1304 -112 327.213897680185) 
4 64 69 (1304 -184 -360) (1304 -184 327.213897680185) (1288 -184 327.213897680185) (1288 -184 -360) 
4 64 67 (1288 -184 -360) (1288 -184 327.213897680185) (1288 -112 327.213897680185) (1288 -112 -360) 
4 65 229 (1248 504 -360) (1288 504 -360) (1288 224 -360) (1248 224 -360) 
4 65 68 (1248 224 327.213897680185) (1248 504 327.213897680185) (1248 504 -360) (1248 224 -360) 
4 65 66 (1248 224 327.213897680185) (1248 224 -344) (1288 224 -344) (1288 224 327.213897680185) 
4 66 68 (1248 184 327.213897680185) (1248 224 327.213897680185) (1248 224 -344) (1248 184 -344) 
4 66 67 (1248 184 327.213897680185) (1248 184 -344) (1288 184 -344) (1288 184 327.213897680185) 
4 67 239 (1288 184 -360) (1288 -184 -360) (1248 -184 -360) (1248 184 -360) 
4 67 70 (1288 -184 327.213897680185) (1248 -184 327.213897680185) (1248 -184 -344) (1288 -184 -344) 
4 67 68 (1248 -184 -360) (1248 -184 327.213897680185) (1248 184 327.213897680185) (1248 184 -360) 
4 68 229 (1136 504 -360) (1248 504 -360) (1248 224 -360) (1136 224 -360) 
4 68 76 (1136 -184 -304) (1136 -184 327.213897680185) (1136 -176 327.213897680185) (1136 -176 -304) 
4 68 75 (1136 504 327.213897680185) (1136 504 -360) (1136 -176 -360) (1136 -176 327.213897680185) 
4 68 71 (1248 -184 327.213897680185) (1136 -184 327.213897680185) (1136 -184 -360) (1248 -184 -360) 
4 69 72 (1304 -224 -360) (1304 -224 327.213897680185) (1288 -224 327.213897680185) (1288 -224 -360) 
4 69 70 (1288 -184 327.213897680185) (1288 -184 -344) (1288 -224 -344) (1288 -224 327.213897680185) 
4 70 72 (1288 -224 327.213897680185) (1248 -224 327.213897680185) (1248 -224 -344) (1288 -224 -344) 
4 70 71 (1248 -184 327.213897680185) (1248 -184 -344) (1248 -224 -344) (1248 -224 327.213897680185) 
4 71 76 (1136 -224 -304) (1136 -224 327.213897680185) (1136 -184 327.213897680185) (1136 -184 -304) 
4 71 72 (1248 -224 327.213897680185) (1136 -224 327.213897680185) (1136 -224 -360) (1248 -224 -360) 
4 72 306 (1240 -304 -360) (1168 -304 -360) (1168 -224 -360) (1240 -224 -360) 
4 72 76 (1136 -312 -304) (1136 -312 327.213897680185) (1136 -224 327.213897680185) (1136 -224 -304) 
4 72 73 (1304 -312 -304) (1304 -312 327.213897680185) (1136 -312 327.213897680185) (1136 -312 -304) 
4 73 78 (1136 -624 327.213897680185) (1136 -624 -304) (1304 -624 -304) (1304 -624 327.213897680185) 
4 73 76 (1136 -624 -304) (1136 -624 327.213897680185) (1136 -312 327.213897680185) (1136 -312 -304) 
4 74 84 (24 504 335.2138976801872) (24 504 327.213897680185) (24 -624 327.213897680185) (24 -624 335.2138976801872) 
4 74 77 (24 -624 335.2138976801872) (24 -624 327.213897680185) (1136 -624 327.213897680185) (1136 -624 335.2138976801872) 
4 75 233 (24 224 -360) (24 504 -360) (32 504 -360) (32 224 -360) 
4 75 231 (1088 240 -360) (1088 224 -360) (32 224 -360) (32 240 -360) 
4 75 230 (32 504 -360) (1088 504 -360) (1088 240 -360) (32 240 -360) 
4 75 229 (1088 504 -360) (1136 504 -360) (1136 224 -360) (1088 224 -360) 
4 75 76 (1136 -176 -304) (1136 -176 327.213897680185) (24 -176 327.213897680185) (24 -176 -304) 
4 76 78 (24 -624 327.213897680185) (24 -624 -304) (1136 -624 -304) (1136 -624 327.213897680185) 
4 77 84 (24 -624 335.2138976801872) (24 -624 327.213897680185) (24 -1784 327.213897680185) (24 -1784 335.2138976801872) 
4 77 83 (24 -1784 335.2138976801872) (24 -1784 327.213897680185) (1840 -1784 327.213897680185) (1840 -1784 335.2138976801872) 
4 78 82 (104 -1784 -304) (24 -1784 -304) (24 -1016 -304) (104 -1016 -304) 
4 78 81 (400 -1784 -304) (104 -1784 -304) (104 -1624 -304) (400 -1624 -304) 
4 78 80 (1840 -1784 -304) (400 -1784 -304) (400 -1016 -304) (1840 -1016 -304) 
4 78 79 (400 -624 -304) (1840 -624 -304) (1840 -1016 -304) (400 -1016 -304) 
4 79 402 (400 -624 -360) (1840 -624 -360) (1840 -1016 -360) (400 -1016 -360) 
4 79 80 (1840 -1016 -360) (1840 -1016 -304) (400 -1016 -304) (400 -1016 -360) 
4 80 402 (400 -1016 -360) (1840 -1016 -360) (1840 -1784 -360) (400 -1784 -360) 
4 80 81 (400 -1624 -360) (400 -1784 -360) (400 -1784 -304) (400 -1624 -304) 
4 81 427 (192 -1784 -360) (104 -1784 -360) (104 -1640 -360) (192 -1640 -360) 
4 81 416 (320 -1784 -360) (192 -1784 -360) (192 -1640 -360) (320 -1640 -360) 
4 81 403 (400 -1632 -360) (400 -1784 -360) (320 -1784 -360) (320 -1632 -360) 
4 81 82 (104 -1624 -360) (104 -1784 -360) (104 -1784 -304) (104 -1624 -304) 
4 82 429 (24 -1784 -360) (24 -1112 -360) (104 -1112 -360) (104 -1784 -360) 
4 83 430 (24 -2040 -360) (24 -1784 -360) (104 -1784 -360) (104 -2040 -360) 
4 83 428 (104 -1784 -360) (192 -1784 -360) (192 -2040 -360) (104 -2040 -360) 
4 83 419 (192 -1784 -360) (320 -1784 -360) (320 -2040 -360) (192 -2040 -360) 
4 83 409 (320 -1784 -360) (1840 -1784 -360) (1840 -2040 -360) (320 -2040 -360) 
4 83 85 (24 -1784 335.2138976801872) (24 -1784 -360) (24 -2040 -360) (24 -2040 335.2138976801872) 
4 84 431 (24 -608 -360) (24 -1784 -360) (-232 -1784 -360) (-232 -608 -360) 
4 84 396 (24 -328 -360) (24 -608 -360) (-232 -608 -360) (-232 -328 -360) 
4 84 328 (24 -224 -360) (24 -328 -360) (-232 -328 -360) (-232 -224 -360) 
4 84 273 (24 -192 -360) (24 -224 -360) (-232 -224 -360) (-232 -192 -360) 
4 84 265 (24 184 -360) (24 -192 -360) (-232 -192 -360) (-232 184 -360) 
4 84 238 (24 224 -360) (24 184 -360) (-232 184 -360) (-232 224 -360) 
4 84 234 (-232 504 -360) (24 504 -360) (24 224 -360) (-232 224 -360) 
4 84 85 (8 -1784 -360) (24 -1784 -360) (24 -1784 335.2138976801872) (8 -1784 335.2138976801872) 
4 85 432 (8 -2040 -360) (8 -1784 -360) (24 -1784 -360) (24 -2040 -360) 
4 86 274 (2480 776 -544) (2480 784 -544) (2736 784 -544) (2736 776 -544) 
4 86 88 (2480 784 -544) (2480 776 -544) (2480 776 -360) (2480 784 -360) 
4 86 87 (2480 776 -360) (2480 776 -544) (2736 776 -544) (2736 776 -360) 
4 87 275 (2736 528 -544) (2480 528 -544) (2480 776 -544) (2736 776 -544) 
4 87 89 (2480 528 -544) (2736 528 -544) (2736 528 -360) (2480 528 -360) 
4 87 88 (2480 776 -544) (2480 528 -544) (2480 528 -360) (2480 776 -360) 
4 88 277 (2480 528 -544) (1568 528 -544) (1568 784 -544) (2480 784 -544) 
4 88 168 (1568 784 -544) (1568 528 -544) (1568 528 -360) (1568 784 -360) 
4 89 276 (2736 520 -544) (2480 520 -544) (2480 528 -544) (2736 528 -544) 
4 89 102 (2480 520 -544) (2736 520 -544) (2736 520 -464) (2480 520 -464) 
4 89 94 (2736 520 -464) (2736 520 -408) (2480 520 -408) (2480 520 -464) 
4 89 91 (2736 520 -408) (2736 520 -360) (2480 520 -360) (2480 520 -408) 
4 90 280 (1840 520 -544) (1568 520 -544) (1568 528 -544) (1840 528 -544) 
4 90 279 (2480 520 -544) (1840 520 -544) (1840 528 -544) (2480 528 -544) 
4 90 169 (1568 528 -544) (1568 520 -544) (1568 520 -360) (1568 528 -360) 
4 90 103 (1840 520 -544) (2480 520 -544) (2480 520 -464) (1840 520 -464) 
4 90 101 (1576 520 -464) (1600 520 -464) (1600 520 -408) (1576 520 -408) 
4 90 100 (1608 520 -464) (1632 520 -464) (1632 520 -408) (1608 520 -408) 
4 90 99 (1640 520 -464) (1664 520 -464) (1664 520 -408) (1640 520 -408) 
4 90 98 (1672 520 -464) (1696 520 -464) (1696 520 -408) (1672 520 -408) 
4 90 97 (1704 520 -464) (1728 520 -464) (1728 520 -408) (1704 520 -408) 
4 90 96 (1736 520 -464) (1752 520 -464) (1752 520 -408) (1736 520 -408) 
4 90 95 (1840 520 -464) (2480 520 -464) (2480 520 -408) (1840 520 -408) 
4 90 93 (1568 520 -360) (1568 520 -400) (1752 520 -400) (1752 520 -360) 
4 90 92 (1840 520 -408) (2480 520 -408) (2480 520 -360) (1840 520 -360) 
4 91 104 (2480 504 -408) (2736 504 -408) (2736 504 -360) (2480 504 -360) 
4 91 94 (2736 504 -408) (2480 504 -408) (2480 520 -408) (2736 520 -408) 
4 92 105 (1840 504 -408) (2480 504 -408) (2480 504 -360) (1840 504 -360) 
4 92 95 (2480 504 -408) (1840 504 -408) (1840 520 -408) (2480 520 -408) 
4 94 104 (2480 504 -464) (2736 504 -464) (2736 504 -408) (2480 504 -408) 
4 94 102 (2736 504 -464) (2480 504 -464) (2480 520 -464) (2736 520 -464) 
4 95 105 (1840 504 -464) (2480 504 -464) (2480 504 -408) (1840 504 -408) 
4 95 103 (2480 504 -464) (1840 504 -464) (1840 520 -464) (2480 520 -464) 
4 96 149 (1736 504 -464) (1752 504 -464) (1752 504 -408) (1736 504 -408) 
4 97 149 (1704 504 -464) (1728 504 -464) (1728 504 -408) (1704 504 -408) 
4 98 149 (1672 504 -464) (1696 504 -464) (1696 504 -408) (1672 504 -408) 
4 99 149 (1640 504 -464) (1664 504 -464) (1664 504 -408) (1640 504 -408) 
4 100 149 (1608 504 -464) (1632 504 -464) (1632 504 -408) (1608 504 -408) 
4 101 149 (1576 504 -464) (1600 504 -464) (1600 504 -408) (1576 504 -408) 
4 102 276 (2736 504 -544) (2480 504 -544) (2480 520 -544) (2736 520 -544) 
4 102 104 (2480 504 -544) (2736 504 -544) (2736 504 -464) (2480 504 -464) 
4 103 279 (2480 504 -544) (1840 504 -544) (1840 520 -544) (2480 520 -544) 
4 103 105 (1840 504 -544) (2480 504 -544) (2480 504 -464) (1840 504 -464) 
4 104 290 (2480 -224 -544) (2736 -224 -544) (2736 -224 -360) (2480 -224 -360) 
4 104 284 (2736 -224 -544) (2480 -224 -544) (2480 224 -544) (2736 224 -544) 
4 104 276 (2480 224 -544) (2480 504 -544) (2736 504 -544) (2736 224 -544) 
4 105 291 (1840 -224 -544) (2480 -224 -544) (2480 -224 -360) (1840 -224 -360) 
4 105 285 (2480 -224 -544) (1840 -224 -544) (1840 224 -544) (2480 224 -544) 
4 105 279 (1840 224 -544) (1840 504 -544) (2480 504 -544) (2480 224 -544) 
3 105 106 (1840 232 -362.75862068965523) (1840 232 -360) (1840 240.00000000000017 -360) 
3 106 107 (1816 232 -362.75862068965523) (1816 232 -360) (1816 240.00000000000017 -360) 
4 108 148 (1568 216 -392) (1568 223.99999999999997 -392) (1816 223.99999999999997 -392) (1816 216 -392) 
4 108 110 (1568 216 -384) (1568 216 -392) (1816 216 -392) (1816 216 -384) 
4 109 110 (1568 216 -360) (1568 216 -367.99999999999994) (1816 216 -367.99999999999994) (1816 216 -360) 
4 110 148 (1568 192 -392) (1568 216 -392) (1816 216 -392) (1816 192 -392) 
4 110 112 (1568 192 -360) (1568 192 -368) (1816 192 -368) (1816 192 -360) 
4 110 111 (1568 192 -384.00000000000006) (1568 192 -392) (1816 192 -392) (1816 192 -384.00000000000006) 
4 111 148 (1568 184.00000000000009 -392) (1568 192 -392) (1816 192 -392) (1816 184.00000000000009 -392) 
4 113 148 (1568 160 -392) (1568 168 -392) (1816 168 -392) (1816 160 -392) 
4 113 115 (1568 160 -384) (1568 160 -392) (1816 160 -392) (1816 160 -384) 
4 114 115 (1568 160 -360) (1568 160 -368) (1816 160 -368) (1816 160 -360) 
4 115 148 (1568 136 -392) (1568 160 -392) (1816 160 -392) (1816 136 -392) 
4 115 117 (1568 136 -360) (1568 136 -368.00000000000006) (1816 136 -368.00000000000006) (1816 136 -360) 
4 115 116 (1568 136 -384) (1568 136 -392) (1816 136 -392) (1816 136 -384) 
4 116 148 (1568 128 -392) (1568 136 -392) (1816 136 -392) (1816 128 -392) 
4 118 148 (1568 104 -392) (1568 112 -392) (1816 112 -392) (1816 104 -392) 
4 118 120 (1568 104 -384) (1568 104 -392) (1816 104 -392) (1816 104 -384) 
4 119 120 (1568 104 -360) (1568 104 -368) (1816 104 -368) (1816 104 -360) 
4 120 148 (1568 80 -392) (1568 104 -392) (1816 104 -392) (1816 80 -392) 
4 120 122 (1568 80 -360) (1568 80 -368) (1816 80 -368) (1816 80 -360) 
4 120 121 (1568 80 -384) (1568 80 -392) (1816 80 -392) (1816 80 -384) 
4 121 148 (1568 72.00000000000003 -392) (1568 80 -392) (1816 80 -392) (1816 72.00000000000001 -392) 
4 123 148 (1568 48 -392) (1568 56.00000000000002 -392) (1816 56.00000000000002 -392) (1816 48 -392) 
4 123 125 (1568 48 -384) (1568 48 -392) (1816 48 -392) (1816 48 -384) 
4 124 125 (1568 48 -360) (1568 48 -368) (1816 48 -368) (1816 48 -360) 
4 125 148 (1568 24 -392) (1568 48 -392) (1816 48 -392) (1816 24 -392) 
4 125 127 (1568 24 -360) (1568 24 -368.00000000000006) (1816 24 -368.00000000000006) (1816 24 -360) 
4 125 126 (1568 24 -383.99999999999994) (1568 24 -392) (1816 24 -392) (1816 24 -383.99999999999994) 
4 126 148 (1568 15.99999999999994 -392) (1568 24 -392) (1816 24 -392) (1816 15.99999999999994 -392) 
4 128 148 (1568 -8 -392) (1568 -2.042810365310288e-14 -392) (1816 -1.9539925233402755e-14 -392) (1816 -8 -392) 
4 128 130 (1568 -8 -384) (1568 -8 -392) (1816 -8 -392) (1816 -8 -384) 
4 129 130 (1568 -8 -360) (1568 -8 -368) (1816 -8 -368) (1816 -8 -360) 
4 130 148 (1568 -32 -392) (1568 -8 -392) (1816 -8 -392) (1816 -32 -392) 
4 130 132 (1568 -32 -360) (1568 -32 -368.00000000000006) (1816 -32 -368.00000000000006) (1816 -32 -360) 
4 130 131 (1568 -32 -384) (1568 -32 -392) (1816 -32 -392) (1816 -32 -384) 
4 131 148 (1568 -39.999999999999986 -392) (1568 -32 -392) (1816 -32 -392) (1816 -39.99999999999999 -392) 
4 133 148 (1568 -64 -392) (1568 -55.99999999999994 -392) (1816 -55.99999999999994 -392) (1816 -64 -392) 
4 133 135 (1568 -64 -383.99999999999994) (1568 -64 -392) (1816 -64 -392) (1816 -64 -383.99999999999994) 
4 134 135 (1568 -64 -360) (1568 -64 -368) (1816 -64 -368) (1816 -64 -360) 
4 135 148 (1568 -88 -392) (1568 -64 -392) (1816 -64 -392) (1816 -88 -392) 
4 135 137 (1568 -88 -360) (1568 -88 -368.00000000000006) (1816 -88 -368.00000000000006) (1816 -88 -360) 
4 135 136 (1568 -88 -384) (1568 -88 -392) (1816 -88 -392) (1816 -88 -384) 
4 136 148 (1568 -95.99999999999997 -392) (1568 -88 -392) (1816 -88 -392) (1816 -95.99999999999999 -392) 
4 138 148 (1568 -120 -392) (1568 -112.00000000000001 -392) (1816 -112.00000000000003 -392) (1816 -120 -392) 
4 138 140 (1568 -120 -384) (1568 -120 -392) (1816 -120 -392) (1816 -120 -384) 
4 139 140 (1568 -120 -360) (1568 -120 -368) (1816 -120 -368) (1816 -120 -360) 
4 140 148 (1568 -144 -392) (1568 -120 -392) (1816 -120 -392) (1816 -144 -392) 
4 140 142 (1568 -144 -360) (1568 -144 -368) (1816 -144 -368) (1816 -144 -360) 
4 140 141 (1568 -144 -384) (1568 -144 -392) (1816 -144 -392) (1816 -144 -384) 
4 141 148 (1568 -152 -392) (1568 -144 -392) (1816 -144 -392) (1816 -152 -392) 
4 143 148 (1568 -176 -392) (1568 -167.99999999999994 -392) (1816 -167.99999999999994 -392) (1816 -176 -392) 
4 143 145 (1568 -176 -383.99999999999994) (1568 -176 -392) (1816 -176 -392) (1816 -176 -383.99999999999994) 
4 144 145 (1568 -176 -360) (1568 -176 -368) (1816 -176 -368) (1816 -176 -360) 
4 145 148 (1568 -200 -392) (1568 -176 -392) (1816 -176 -392) (1816 -200 -392) 
4 145 147 (1568 -200 -360) (1568 -200 -368) (1816 -200 -368) (1816 -200 -360) 
4 145 146 (1568 -200 -384) (1568 -200 -392) (1816 -200 -392) (1816 -200 -383.99999999999994) 
4 146 148 (1568 -208.00000000000003 -392) (1568 -200 -392) (1816 -200 -392) (1816 -208.00000000000003 -392) 
4 148 292 (1816 -224 -408) (1816 -224 -392) (1568 -224 -392) (1568 -224 -408) 
4 148 167 (1568 -224 -408) (1568 208 -408) (1816 208 -408) (1816 -224 -408) 
4 148 166 (1568 208 -408) (1568 232 -408) (1720 232 -408) (1720 208 -408) 
4 148 165 (1720 232 -408) (1776 232 -408) (1776 208 -408) (1720 208 -408) 
4 148 163 (1776 232 -408) (1816 232 -408) (1816 208 -408) (1776 208 -408) 
4 149 173 (1568 504 -544) (1568 400 -544) (1568 400 -408) (1568 504 -408) 
5 149 154 (1752 360 -544) (1752 360 -503.99999999999955) (1714.666666666667 360 -448) (1568 360 -448) (1568 360 -544) 
3 149 152 (1752 360 -503.99999999999955) (1752 360 -488) (1741.3333333333337 360 -488) 
3 149 151 (1728 360 -448) (1714.666666666667 360 -448) (1720.0000000000002 360 -455.9999999999998) 
4 149 150 (1752 360 -448) (1752 360 -408) (1568 360 -408) (1568 360 -448) 
4 150 166 (1720 320 -408) (1568 320 -408) (1568 320 -448) (1720 320 -448) 
4 150 164 (1728 320 -408) (1720 320 -408) (1720 320 -448) (1728 320 -448) 
4 150 162 (1752 320 -408) (1728 320 -408) (1728 320 -448) (1752 320 -448) 
4 150 155 (1714.666666666667 352 -448) (1714.666666666667 320 -448) (1568 320 -448) (1568 352 -448) 
4 150 154 (1568 360 -448) (1714.666666666667 360 -448) (1714.666666666667 352 -448) (1568 352 -448) 
4 150 153 (1752 328 -448) (1752 320 -448) (1714.666666666667 320 -448) (1714.666666666667 328 -448) 
4 150 151 (1714.666666666667 360 -448) (1728 360 -448) (1728 328 -448) (1714.666666666667 328 -448) 
4 151 155 (1714.666666666667 328 -448) (1714.666666666667 352 -448) (1720.0000000000002 352 -455.9999999999998) (1720.0000000000002 328 -455.9999999999998) 
4 151 154 (1714.666666666667 352 -448) (1714.666666666667 360 -448) (1720.0000000000002 360 -455.9999999999998) (1720.0000000000002 352 -455.9999999999998) 
3 151 153 (1714.6666666666674 328 -448) (1720.0000000000005 328 -455.9999999999994) (1727.9999999999998 328 -448) 
4 152 157 (1752 352 -503.99999999999955) (1752 328 -503.99999999999955) (1744.9600000000003 328 -493.4399999999998) (1744.9600000000003 352 -493.4399999999998) 
4 152 156 (1744.9600000000003 328 -493.4399999999998) (1741.3333333333337 328 -488) (1741.3333333333337 352 -488) (1744.9600000000003 352 -493.4399999999998) 
4 152 154 (1741.3333333333337 360 -488) (1752 360 -503.99999999999955) (1752 352 -503.99999999999955) (1741.3333333333337 352 -488) 
3 152 153 (1741.3333333333342 328 -488) (1752 328 -503.99999999999886) (1752 328 -488) 
3 153 166 (1720 320 -448) (1714.666666666667 320 -448) (1720 320 -455.99999999999955) 
4 153 164 (1728 320 -448) (1720 320 -448) (1720 320 -455.99999999999955) (1728 320 -467.99999999999955) 
4 153 162 (1752 320 -503.99999999999955) (1752 320 -448) (1728 320 -448) (1728 320 -467.99999999999955) 
4 153 157 (1744.9600000000003 328 -493.4399999999998) (1752 328 -503.99999999999955) (1752 320 -503.99999999999955) (1744.9600000000003 320 -493.4399999999998) 
4 153 156 (1723.4228855721426 328 -461.13432835821345) (1744.9600000000003 328 -493.4399999999998) (1744.9600000000003 320 -493.4399999999998) (1723.4228855721426 320 -461.13432835821345) 
4 153 155 (1714.666666666667 320 -448) (1714.666666666667 328 -448) (1723.4228855721426 328 -461.13432835821345) (1723.4228855721426 320 -461.13432835821345) 
4 154 161 (1712 352 -536) (1596 352 -536) (1568 352 -544) (1712 352 -544) 
4 154 158 (1752 352 -544) (1752 352 -536) (1712 352 -536) (1712 352 -544) 
4 154 157 (1752 352 -536) (1752 352 -503.9999999999991) (1744.9600000000005 352 -493.43999999999977) (1596 352 -536) 
4 154 156 (1744.9600000000005 352 -493.43999999999977) (1723.4228855721428 352 -461.1343283582133) (1714.6666666666827 352 -464) (1736 352 -495.99999999999994) 
4 154 155 (1723.4228855721428 352 -461.1343283582133) (1714.6666666666674 352 -448) (1568 352 -448) (1568 352 -512.0000000000001) 
5 155 166 (1568 320 -448) (1568 320 -512.0000000000001) (1720 320 -462.2545454545509) (1720 320 -455.99999999999955) (1714.666666666667 320 -448) 
3 155 164 (1720 320 -462.2545454545509) (1723.4228855721426 320 -461.13432835821345) (1720 320 -455.99999999999955) 
4 155 156 (1714.6666666666824 352 -463.99999999999994) (1723.4228855721424 352 -461.1343283582134) (1723.4228855721424 320 -461.1343283582134) (1714.6666666666827 320 -463.99999999999994) 
3 156 166 (1720 320 -462.2545454545509) (1714.6666666666827 320 -464.00000000000006) (1720 320 -471.99999999998204) 
5 156 164 (1728 320 -467.99999999999955) (1723.4228855721426 320 -461.13432835821345) (1720 320 -462.2545454545509) (1720 320 -471.99999999998204) (1728 320 -483.999999999991) 
4 156 162 (1736 320 -495.99999999999994) (1744.9600000000003 320 -493.4399999999998) (1728 320 -467.99999999999955) (1728 320 -483.999999999991) 
4 156 157 (1736 352 -496.0000000000001) (1744.960000000001 352 -493.4399999999998) (1744.960000000001 320 -493.4399999999998) (1736 320 -496.0000000000001) 
3 157 166 (1720 320 -500.5714285714285) (1596 320 -536) (1720 320 -536) 
4 157 164 (1728 320 -498.2857142857142) (1720 320 -500.5714285714285) (1720 320 -536) (1728 320 -536) 
5 157 162 (1752 320 -536) (1752 320 -503.99999999999955) (1744.9600000000003 320 -493.4399999999998) (1728 320 -498.2857142857142) (1728 320 -536) 
4 157 161 (1595.9999999999998 320 -536) (1595.9999999999998 352 -536) (1712 352 -536) (1744 320 -536) 
5 157 160 (1752 339.9999999999998 -536) (1752 320 -536) (1744 320 -536) (1738.6666666666667 325.33333333333337 -536) (1747.1999999999998 342.3999999999998 -536) 
3 157 159 (1752 352 -536) (1752 339.9999999999998 -536) (1737.5999999999997 347.1999999999999 -536) 
3 157 158 (1712 352 -536) (1752 352 -536) (1722 342.00000000000006 -536) 
4 158 161 (1721.9999999999993 341.9999999999998 -536) (1711.999999999999 352 -536) (1711.999999999999 352 -544) (1721.9999999999993 341.9999999999998 -544) 
4 158 159 (1737.6000000000001 347.1999999999999 -544) (1752.0000000000005 352 -544) (1752.0000000000005 352 -536) (1737.6000000000001 347.1999999999999 -536) 
4 159 160 (1747.1999999999998 342.3999999999997 -544) (1752 339.99999999999955 -544) (1752 339.99999999999955 -536) (1747.1999999999998 342.3999999999997 -536) 
4 160 162 (1744 320 -544) (1752 320 -544) (1752 320 -536) (1744 320 -536) 
4 160 161 (1743.999999999999 320 -544) (1743.999999999999 320 -536) (1738.6666666666665 325.3333333333327 -536) (1738.6666666666665 325.3333333333327 -544) 
4 161 166 (1568 320 -544) (1720 320 -544) (1720 320 -536) (1596 320 -536) 
4 161 164 (1720 320 -544) (1728 320 -544) (1728 320 -536) (1720 320 -536) 
4 161 162 (1728 320 -544) (1744 320 -544) (1744 320 -536) (1728 320 -536) 
4 162 164 (1727.999999999999 320 -408) (1727.999999999999 320 -544) (1752 295.9999999999991 -544) (1752 295.9999999999991 -408) 
4 163 167 (1816 208 -544) (1816 208 -408) (1776 208 -408) (1776 208 -544) 
4 163 165 (1776 208 -488) (1776 208 -408) (1776 256 -408) (1776 256 -488) 
4 163 164 (1776 272.0000000000009 -408) (1776 272.0000000000009 -544) (1776 256 -544) (1776 256 -408) 
4 164 166 (1720 320 -408) (1720 320 -544) (1720 256 -544) (1720 256 -408) 
4 164 165 (1720 256 -408) (1720 256 -488) (1776 256 -488) (1776 256 -408) 
4 165 167 (1776 208 -408) (1720 208 -408) (1720 208 -488) (1776 208 -488) 
4 165 166 (1720 208 -488) (1720 208 -408) (1720 256 -408) (1720 256 -488) 
4 166 167 (1720 208 -408) (1568 208 -408) (1568 208 -544) (1720 208 -544) 
4 167 292 (1568 -224 -544) (1816 -224 -544) (1816 -224 -408) (1568 -224 -408) 
4 168 277 (1552 528 -544) (1552 784 -544) (1568 784 -544) (1568 528 -544) 
4 168 174 (1552 784 -544) (1552 528 -544) (1552 528 -360) (1552 784 -360) 
4 169 280 (1552 520 -544) (1552 528 -544) (1568 528 -544) (1568 520 -544) 
4 169 175 (1552 528 -544) (1552 520 -544) (1552 520 -360) (1552 528 -360) 
4 170 176 (1552 504 -480) (1552 504 -472) (1552 512 -472) (1552 512 -480) 
4 170 173 (1552 504 -472) (1552 504 -544) (1560 504 -544) (1560 504 -472) 
4 171 178 (1552 400 -368) (1552 400 -360) (1552 504 -360) (1552 504 -368) 
4 171 172 (1559.9999999999998 400 -368) (1552 400 -368) (1552 504 -368) (1559.9999999999998 504 -368) 
4 172 178 (1552 400 -376) (1552 400 -368) (1552 504 -368) (1552 504 -376) 
4 173 177 (1552 504 -544) (1552 400 -544) (1552 400 -408) (1552 504 -408) 
4 174 277 (1288 528 -544) (1288 784 -544) (1552 784 -544) (1552 528 -544) 
4 174 227 (1288 784 -544) (1288 528 -544) (1288 528 -360) (1288 784 -360) 
4 175 280 (1288 520 -544) (1288 528 -544) (1552 528 -544) (1552 520 -544) 
4 175 229 (1288 528 -544) (1288 520 -544) (1288 520 -360) (1288 528 -360) 
4 176 222 (1312 504 -472) (1304 504 -472) (1304 504 -480) (1312 504 -480) 
4 176 188 (1440 504 -472) (1400 504 -472) (1400 504 -480) (1440 504 -480) 
4 176 186 (1512 504 -472) (1464 504 -472) (1464 504 -480) (1512 504 -480) 
4 176 179 (1544 504 -472) (1536 504 -472) (1536 504 -480) (1544 504 -480) 
4 176 177 (1552 504 -480) (1552 504 -472) (1544 504 -472) (1544 504 -480) 
4 177 179 (1544 504 -400) (1544 504 -544) (1544 400 -544) (1544 400 -400) 
4 178 179 (1544 504 -360) (1544 504 -383.9999999999999) (1544 400 -383.9999999999999) (1544 400 -360) 
4 179 181 (1536 480 -544) (1536 400 -544) (1536 400 -360) (1536 480 -360) 
4 180 182 (1536 232 -544) (1536 224 -544) (1536 224 -472) (1536 232 -472) 
4 181 186 (1512 480 -544) (1512 272 -544) (1512 272 -360) (1512 480 -360) 
4 182 191 (1512 176 -480) (1512 176 -360) (1512 232 -360) (1512 232 -480) 
4 182 190 (1512 248 -544) (1512 232 -544) (1512 232 -360) (1512 248 -360) 
4 182 183 (1512 176 -360) (1512 176 -440) (1536 176 -440) (1536 176 -360) 
4 183 196 (1512 136 -440) (1512 136 -360) (1512 176 -360) (1512 176 -440) 
4 183 184 (1512 136 -360) (1512 136 -440) (1536 136 -440) (1536 136 -360) 
4 184 200 (1512 128 -520) (1512 128 -440) (1512 136 -440) (1512 136 -520) 
4 184 196 (1512 128 -440) (1512 128 -360) (1512 136 -360) (1512 136 -440) 
4 185 223 (1536 -128 -536) (1536 -128 -376) (1512 -128 -376) (1512 -128 -536) 
4 185 214 (1512 -112 -544) (1512 -128 -544) (1512 -128 -360) (1512 -112 -360) 
4 185 209 (1512 88 -544) (1512 -112 -544) (1512 -112 -360) (1512 88 -360) 
4 185 201 (1512 96 -544) (1512 88 -544) (1512 88 -440) (1512 96 -440) 
4 185 200 (1512 96 -520) (1512 96 -440) (1512 104 -440) (1512 104 -520) 
4 185 198 (1512 88 -440) (1512 88 -360) (1512 104 -360) (1512 104 -440) 
4 186 189 (1512 264 -520) (1512 264 -384) (1464 264 -384) (1464 264 -520) 
4 186 187 (1464 480 -544) (1464 264 -544) (1464 264 -360) (1464 480 -360) 
4 187 189 (1464 264 -520) (1464 264 -384) (1440 264 -384) (1440 264 -520) 
4 187 188 (1440 480 -544) (1440 264 -544) (1440 264 -360) (1440 480 -360) 
4 188 192 (1400 480 -544) (1400 272 -544) (1400 272 -360) (1400 480 -360) 
4 188 189 (1400 264 -384) (1400 264 -520) (1440 264 -520) (1440 264 -384) 
4 189 190 (1400 256 -384) (1400 256 -520) (1512 256 -520) (1512 256 -384) 
4 190 193 (1400 248 -544) (1400 232 -544) (1400 232 -360) (1400 248 -360) 
4 190 191 (1400 232 -360) (1400 232 -480) (1512 232 -480) (1512 232 -360) 
4 191 202 (1464 176 -440) (1400 176 -440) (1400 176 -480) (1464 176 -480) 
4 191 199 (1472 176 -440) (1464 176 -440) (1464 176 -480) (1472 176 -480) 
4 191 196 (1512 176 -440) (1512 176 -360) (1400 176 -360) (1400 176 -440) 
4 191 194 (1400 176 -480) (1400 176 -360) (1400 232 -360) (1400 232 -480) 
4 192 215 (1376 272 -464) (1376 272 -360) (1376 480 -360) (1376 480 -464) 
4 193 219 (1376 232 -464) (1376 232 -360) (1376 248 -360) (1376 248 -464) 
4 193 195 (1376 232 -360) (1376 232 -544) (1384 232 -544) (1384 232 -360) 
4 193 194 (1400 232 -480) (1400 232 -360) (1384 232 -360) (1384 232 -480) 
4 194 204 (1400 176 -480) (1400 176 -360) (1384 176 -360) (1384 176 -480) 
4 194 195 (1384 232 -360) (1384 232 -480) (1384 176 -480) (1384 176 -360) 
4 195 219 (1376 176 -464) (1376 176 -360) (1376 232 -360) (1376 232 -464) 
4 195 204 (1376 176 -360) (1376 176 -544) (1384 176 -544) (1384 176 -360) 
4 196 205 (1400 168 -440) (1400 128 -440) (1400 128 -360) (1400 168 -360) 
4 196 204 (1400 176 -360) (1400 176 -440) (1400 168 -440) (1400 168 -360) 
4 196 203 (1400 120 -440) (1400 168 -440) (1464 168 -440) (1464 120 -440) 
4 196 202 (1400 168 -440) (1400 176 -440) (1464 176 -440) (1464 168 -440) 
4 196 200 (1512 136 -440) (1512 120 -440) (1464 120 -440) (1464 136 -440) 
4 196 199 (1464 176 -440) (1472 176 -440) (1472 136 -440) (1464 136 -440) 
4 196 197 (1400 120 -384) (1400 120 -440) (1512 120 -440) (1512 120 -384) 
4 197 203 (1400 112 -440) (1400 120 -440) (1464 120 -440) (1464 112 -440) 
4 197 200 (1464 120 -440) (1512 120 -440) (1512 112 -440) (1464 112 -440) 
4 197 198 (1400 112 -384) (1400 112 -440) (1512 112 -440) (1512 112 -384) 
4 198 213 (1448 88 -360) (1400 88 -360) (1400 88 -440) (1448 88 -440) 
4 198 210 (1480 88 -360) (1448 88 -360) (1448 88 -440) (1480 88 -440) 
4 198 209 (1512 88 -440) (1512 88 -360) (1480 88 -360) (1480 88 -440) 
4 198 206 (1400 104 -440) (1400 88 -440) (1400 88 -360) (1400 104 -360) 
4 198 203 (1464 88 -440) (1400 88 -440) (1400 112 -440) (1464 112 -440) 
4 198 201 (1512 88 -440) (1464 88 -440) (1464 96 -440) (1512 96 -440) 
4 198 200 (1464 96 -440) (1464 112 -440) (1512 112 -440) (1512 96 -440) 
4 199 203 (1464 136 -440) (1464 168 -440) (1464 168 -496) (1464 136 -496) 
4 199 202 (1464 168 -440) (1464 176 -440) (1464 176 -544) (1464 168 -544) 
4 199 200 (1464 136 -440) (1464 136 -520) (1472 136 -520) (1472 136 -440) 
4 200 203 (1464 96 -440) (1464 136 -440) (1464 136 -496) (1464 96 -496) 
4 200 201 (1464 96 -440) (1464 96 -520) (1512 96 -520) (1512 96 -440) 
4 201 210 (1464 88 -544) (1480 88 -544) (1480 88 -440) (1464 88 -440) 
4 201 209 (1480 88 -544) (1512 88 -544) (1512 88 -440) (1480 88 -440) 
4 201 203 (1464 88 -496) (1464 88 -440) (1464 96 -440) (1464 96 -496) 
4 202 204 (1400 176 -440) (1400 176 -544) (1400 168 -544) (1400 168 -440) 
4 202 203 (1464 168 -496) (1464 168 -440) (1400 168 -440) (1400 168 -496) 
4 203 213 (1448 88 -440) (1400 88 -440) (1400 88 -496) (1448 88 -496) 
4 203 210 (1464 88 -496) (1464 88 -440) (1448 88 -440) (1448 88 -496) 
4 203 206 (1400 88 -496) (1400 88 -440) (1400 104 -440) (1400 104 -496) 
4 203 205 (1400 128 -440) (1400 168 -440) (1400 168 -496) (1400 128 -496) 
4 204 219 (1376 168 -464) (1376 168 -360) (1376 176 -360) (1376 176 -464) 
4 204 207 (1376 168 -360) (1376 168 -544) (1392 168 -544) (1392 168 -360) 
4 204 205 (1400 168 -496) (1400 168 -360) (1392 168 -360) (1392 168 -496) 
4 205 207 (1392 168 -360) (1392 168 -496) (1392 128 -496) (1392 128 -360) 
4 206 213 (1400 88 -496) (1400 88 -360) (1392 88 -360) (1392 88 -496) 
4 206 208 (1392 88 -496) (1392 88 -360) (1392 104 -360) (1392 104 -496) 
4 207 219 (1376 128 -464) (1376 128 -360) (1376 168 -360) (1376 168 -464) 
4 208 221 (1376 88 -464) (1376 88 -360) (1376 104 -360) (1376 104 -464) 
4 208 213 (1376 88 -360) (1376 88 -544) (1392 88 -544) (1392 88 -360) 
4 209 214 (1480 -112 -544) (1512 -112 -544) (1512 -112 -360) (1480 -112 -360) 
4 209 212 (1480 32 -544) (1480 -112 -544) (1480 -112 -360) (1480 32 -360) 
4 209 211 (1480 32 -520) (1480 32 -360) (1480 64 -360) (1480 64 -520) 
4 209 210 (1480 88 -360) (1480 88 -544) (1480 64 -544) (1480 64 -360) 
4 210 213 (1448 88 -360) (1448 88 -544) (1448 64 -544) (1448 64 -360) 
4 210 211 (1448 64 -360) (1448 64 -520) (1480 64 -520) (1480 64 -360) 
4 211 213 (1448 32 -520) (1448 32 -360) (1448 64 -360) (1448 64 -520) 
4 211 212 (1448 32 -360) (1448 32 -520) (1480 32 -520) (1480 32 -360) 
4 212 214 (1456 -112 -544) (1480 -112 -544) (1480 -112 -360) (1456 -112 -360) 
4 212 213 (1448 32 -544) (1448 -112 -544) (1448 -112 -360) (1448 32 -360) 
4 213 221 (1376 -112 -464) (1376 -112 -360) (1376 88 -360) (1376 88 -464) 
4 214 223 (1512 -128 -536) (1512 -128 -376) (1472 -128 -376) (1472 -128 -536) 
4 215 218 (1336 264 -464) (1376 264 -464) (1376 264 -384) (1336 264 -384) 
4 215 216 (1336 488 -464) (1336 264 -464) (1336 264 -360) (1336 488 -360) 
4 216 218 (1312 264 -464) (1336 264 -464) (1336 264 -384) (1312 264 -384) 
4 216 217 (1312 488 -464) (1312 264 -464) (1312 264 -360) (1312 488 -360) 
4 217 222 (1304 264 -464) (1304 504 -464) (1312 504 -464) (1312 264 -464) 
4 217 218 (1304 264 -384) (1304 264 -464) (1312 264 -464) (1312 264 -384) 
4 218 222 (1304 256 -464) (1304 264 -464) (1312 264 -464) (1312 256 -464) 
4 218 219 (1304 256 -384) (1304 256 -464) (1376 256 -464) (1376 256 -384) 
4 219 222 (1304 120 -464) (1304 256 -464) (1312 256 -464) (1312 120 -464) 
4 219 220 (1304 120 -384) (1304 120 -464) (1376 120 -464) (1376 120 -384) 
4 220 222 (1304 112 -464) (1304 120 -464) (1312 120 -464) (1312 112 -464) 
4 220 221 (1304 112 -384) (1304 112 -464) (1376 112 -464) (1376 112 -384) 
4 221 222 (1312 -112 -464) (1304 -112 -464) (1304 112 -464) (1312 112 -464) 
4 223 224 (1472 -152 -376) (1472 -152 -528) (1536 -152 -528) (1536 -152 -376) 
4 224 225 (1472 -176 -376) (1472 -176 -520) (1536 -176 -520) (1536 -176 -376) 
4 225 226 (1472 -200 -376) (1472 -200 -512) (1536 -200 -512) (1536 -200 -376) 
4 226 312 (1536 -224 -504) (1536 -224 -384) (1472 -224 -384) (1472 -224 -504) 
4 226 311 (1536 -224 -384) (1536 -224 -376) (1472 -224 -376) (1472 -224 -384) 
4 227 277 (1288 784 -544) (1288 528 -544) (24 528 -544) (24 784 -544) 
4 227 228 (24 784 -544) (24 528 -544) (24 528 -360) (24 784 -360) 
4 228 278 (24 784 -544) (24 528 -544) (-232 528 -544) (-232 784 -544) 
4 228 234 (-232 528 -544) (24 528 -544) (24 528 -360) (-232 528 -360) 
4 229 282 (1088 528 -544) (1288 528 -544) (1288 224 -544) (1088 224 -544) 
4 229 231 (1088 224 -416) (1088 224 -360) (1088 240 -360) (1088 240 -416) 
4 229 230 (1088 528 -360) (1088 528 -544) (1088 240 -544) (1088 240 -360) 
4 230 282 (32 528 -544) (1088 528 -544) (1088 240 -544) (32 240 -544) 
4 230 233 (32 528 -360) (32 528 -544) (32 240 -544) (32 240 -360) 
4 230 231 (32 240 -360) (32 240 -416) (1088 240 -416) (1088 240 -360) 
4 231 233 (32 224 -416) (32 224 -360) (32 240 -360) (32 240 -416) 
4 233 282 (24 528 -544) (32 528 -544) (32 224 -544) (24 224 -544) 
4 234 283 (-232 528 -544) (24 528 -544) (24 224 -544) (-232 224 -544) 
4 234 238 (-232 224 -544) (24 224 -544) (24 224 -360) (-232 224 -360) 
4 235 236 (1040 200 -512) (1040 200 -448) (64 200 -448) (64 200 -512) 
4 236 237 (64 192 -448) (64 192 -512) (1040 192 -512) (1040 192 -448) 
4 237 259 (64 184 -544) (1040 184 -544) (1040 184 -512) (64 184 -512) 
4 237 258 (1040 184 -512) (1040 184 -424) (64 184 -424) (64 184 -512) 
4 238 288 (-232 224 -544) (24 224 -544) (24 184 -544) (-232 184 -544) 
4 238 265 (-232 184 -544) (24 184 -544) (24 184 -360) (-232 184 -360) 
4 240 315 (1248 -224 -480) (1248 -224 -416) (1168 -224 -416) (1168 -224 -480) 
4 240 256 (1168 104 -480) (1168 -192 -480) (1168 -192 -416) (1168 104 -416) 
4 240 253 (1168 112 -480) (1168 104 -480) (1168 104 -416) (1168 112 -416) 
4 240 246 (1168 184 -416) (1168 184 -480) (1168 112 -480) (1168 112 -416) 
4 240 243 (1168 -224 -480) (1168 -192 -480) (1176 -192 -480) (1176 -224 -480) 
4 240 242 (1168 112 -480) (1168 184 -480) (1176 184 -480) (1176 112 -480) 
4 240 241 (1176 184 -480) (1248 184 -480) (1248 -224 -480) (1176 -224 -480) 
4 241 315 (1248 -224 -504) (1248 -224 -480) (1176 -224 -480) (1176 -224 -504) 
4 241 245 (1176 -192 -504) (1176 -224 -504) (1176 -224 -488) (1176 -192 -488) 
4 241 244 (1176 104 -504) (1176 -184 -504) (1176 -184 -488) (1176 104 -488) 
4 241 243 (1176 -224 -488) (1176 -224 -480) (1176 -192 -480) (1176 -192 -488) 
4 241 242 (1176 184 -504) (1176 112 -504) (1176 112 -480) (1176 184 -480) 
4 242 246 (1168 184 -480) (1168 184 -504) (1168 112 -504) (1168 112 -480) 
4 243 315 (1176 -224 -480) (1168 -224 -480) (1168 -224 -488) (1176 -224 -488) 
4 243 245 (1168 -224 -488) (1168 -192 -488) (1176 -192 -488) (1176 -224 -488) 
4 244 256 (1168 104 -504) (1168 -184 -504) (1168 -184 -488) (1168 104 -488) 
4 245 315 (1168 -224 -488) (1168 -224 -504) (1176 -224 -504) (1176 -224 -488) 
4 246 254 (1168 112 -504) (1168 112 -488) (1144 112 -495.9999999999999) (1144 112 -504) 
4 246 253 (1168 112 -480) (1168 112 -416) (1144 112 -416) (1144 112 -488) 
4 246 247 (1144 112 -504) (1144 112 -416) (1144 184 -416) (1144 184 -504) 
4 247 254 (1144 112 -512) (1144 112 -496.00000000000006) (1120 112 -504) (1120 112 -512) 
4 247 253 (1144 112 -488.00000000000006) (1144 112 -416) (1120 112 -416) (1120 112 -496) 
4 247 248 (1120 112 -512) (1120 112 -416) (1120 184 -416) (1120 184 -512) 
4 248 254 (1120 112 -520) (1120 112 -504.00000000000006) (1096 112 -512) (1096 112 -520) 
4 248 253 (1120 112 -496.00000000000006) (1120 112 -416) (1096 112 -416) (1096 112 -504) 
4 248 249 (1096 112 -520) (1096 112 -416) (1096 184 -416) (1096 184 -520) 
4 249 254 (1096 112 -528) (1096 112 -512) (1072 112 -519.9999999999999) (1072 112 -528) 
4 249 253 (1096 112 -504) (1096 112 -416) (1072 112 -416) (1072 112 -512) 
4 249 250 (1072 112 -528) (1072 112 -416) (1072 184 -416) (1072 184 -528) 
4 250 254 (1072 112 -536) (1072 112 -520) (1048 112 -528) (1048 112 -536) 
4 250 253 (1072 112 -512) (1072 112 -416) (1048 112 -416) (1048 112 -520) 
4 250 251 (1048 112 -536) (1048 112 -416) (1048 184 -416) (1048 184 -536) 
4 251 259 (1040 184 -512) (1040 184 -544) (1040 112 -544) (1040 112 -512) 
4 251 258 (1040 184 -416) (1040 184 -512) (1040 112 -512) (1040 112 -416) 
4 251 255 (1040 112 -416) (1040 112 -520) (1048 112 -520) (1048 112 -416) 
3 252 254 (1072 112 -544) (1168 112 -544) (1168 112 -512.0000000000001) 
4 253 257 (1080 104 -416) (1048 104 -416) (1048 104 -520) (1080 104 -509.3333333333333) 
4 253 256 (1168 104 -480) (1168 104 -416) (1080 104 -416) (1080 104 -509.3333333333333) 
4 253 255 (1048 104 -520) (1048 104 -416) (1048 112 -416) (1048 112 -520) 
4 254 257 (1080 104 -517.3333333333334) (1048 104 -528) (1048 104 -544) (1080 104 -544) 
4 254 256 (1168 104 -544) (1168 104 -488) (1080 104 -517.3333333333334) (1080 104 -544) 
4 255 259 (1040 104 -520) (1040 104 -512) (1040 112 -512) (1040 112 -520) 
4 255 258 (1040 104 -512) (1040 104 -416) (1040 112 -416) (1040 112 -512) 
4 255 257 (1048 104 -416) (1040 104 -416) (1040 104 -520) (1048 104 -520) 
4 256 257 (1080 104 -416) (1080 104 -544) (1080 -184 -544) (1080 -184 -416) 
4 257 262 (1040 -152 -544) (1040 -184 -544) (1040 -184 -512) (1040 -152 -512) 
4 257 260 (1040 -136 -544) (1040 -152 -544) (1040 -152 -512) (1040 -136 -512) 
4 257 259 (1040 104 -544) (1040 -136 -544) (1040 -136 -512) (1040 104 -512) 
4 257 258 (1040 -184 -512) (1040 -184 -416) (1040 104 -416) (1040 104 -512) 
4 258 268 (1040 -192 -512) (1040 -192 -440) (728 -192 -440) (728 -192 -512) 
4 258 266 (1040 -192 -440) (1040 -192 -416) (728 -192 -416) (728 -192 -440) 
4 258 264 (80 -192 -512) (56 -192 -512) (56 -152 -512) (102.85714285714289 -152 -512) 
4 258 263 (694.857142857143 -192 -512) (89.14285714285722 -192 -512) (112 -152 -512) (672 -152 -512) 
4 258 262 (1040 -192 -512) (704 -192 -512) (681.142857142857 -152 -512) (1040 -152 -512) 
4 258 261 (56 -152 -512) (56 -136 -512) (112.00000000000001 -136 -512) (102.85714285714289 -152 -512) 
4 258 260 (671.9999999999999 -136 -512) (1040 -136 -512) (1040 -152 -512) (681.1428571428571 -152 -512) 
4 258 259 (56 -136 -512) (56 184 -512) (1040 184 -512) (1040 -136 -512) 
4 259 261 (56 -136 -512) (56 -136 -544) (112.00000000000001 -136 -544) (112.00000000000011 -136 -512) 
4 259 260 (671.9999999999999 -136 -544) (1040 -136 -544) (1040 -136 -512) (671.9999999999999 -136 -512) 
4 260 262 (681.142857142857 -152 -544) (1040 -152 -544) (1040 -152 -512) (681.1428571428571 -152 -512) 
4 261 264 (56 -152 -512) (56 -152 -544) (102.85714285714289 -152 -544) (102.85714285714289 -152 -512) 
4 262 271 (728 -192 -544) (1040 -192 -544) (1040 -192 -520) (728 -192 -520) 
4 262 268 (1040 -192 -520) (1040 -192 -512) (728 -192 -512) (728 -192 -520) 
4 265 288 (-232 184 -544) (24 184 -544) (24 -192 -544) (-232 -192 -544) 
4 265 273 (-232 -192 -544) (24 -192 -544) (24 -192 -360) (-232 -192 -360) 
4 266 268 (728 -200 -440) (728 -192 -440) (1040 -192 -440) (1040 -200 -440) 
4 267 321 (1040 -224 -440) (1040 -224 -416) (728 -224 -416) (728 -224 -440) 
4 267 270 (728 -224 -440) (728 -216 -440) (1040 -216 -440) (1040 -224 -440) 
4 268 271 (728 -200 -520) (728 -192 -520) (1040 -192 -520) (1040 -200 -520) 
4 268 269 (736 -208 -520) (1032 -208 -520) (1032 -208 -440) (736 -208 -440) 
4 269 270 (736 -216 -520) (1032 -216 -520) (1032 -216 -440) (736 -216 -440) 
4 270 321 (1040 -224 -520) (1040 -224 -440) (728 -224 -440) (728 -224 -520) 
4 270 272 (728 -224 -520) (728 -216 -520) (1040 -216 -520) (1040 -224 -520) 
4 272 321 (728 -224 -544) (1040 -224 -544) (1040 -224 -520) (728 -224 -520) 
4 273 328 (-232 -224 -544) (24 -224 -544) (24 -224 -360) (-232 -224 -360) 
4 273 288 (24 -224 -544) (-232 -224 -544) (-232 -192 -544) (24 -192 -544) 
4 274 289 (2480 776 -1136) (2480 784 -1136) (2736 784 -1136) (2736 776 -1136) 
4 274 277 (2480 784 -1136) (2480 776 -1136) (2480 776 -544) (2480 784 -544) 
4 274 275 (2480 776 -544) (2480 776 -1136) (2736 776 -1136) (2736 776 -544) 
4 275 289 (2736 528 -1136) (2480 528 -1136) (2480 776 -1136) (2736 776 -1136) 
4 275 277 (2480 776 -1136) (2480 528 -1136) (2480 528 -544) (2480 776 -544) 
4 275 276 (2480 528 -544) (2480 528 -1136) (2736 528 -1136) (2736 528 -544) 
4 276 289 (2736 224 -1136) (2480 224 -1136) (2480 528 -1136) (2736 528 -1136) 
4 276 284 (2480 224 -1136) (2736 224 -1136) (2736 224 -544) (2480 224 -544) 
4 277 289 (2480 784 -1136) (2480 528 -1136) (24 528 -1136) (24 784 -1136) 
4 277 278 (24 784 -1136) (24 528 -1136) (24 528 -544) (24 784 -544) 
4 278 289 (24 784 -1136) (24 528 -1136) (-232 528 -1136) (-232 784 -1136) 
4 278 283 (-232 528 -1136) (24 528 -1136) (24 528 -544) (-232 528 -544) 
4 279 285 (1840 224 -1136) (2480 224 -1136) (2480 224 -544) (1840 224 -544) 
4 279 281 (1840 520 -1136) (1840 224 -1136) (1840 224 -600) (1840 520 -600) 
4 279 280 (1840 528 -544) (1840 528 -1136) (1840 520 -1136) (1840 520 -544) 
4 280 282 (1288 528 -544) (1288 528 -1136) (1288 520 -1136) (1288 520 -544) 
4 280 281 (1288 520 -600) (1288 520 -1136) (1840 520 -1136) (1840 520 -600) 
4 281 287 (1288 224 -1136) (1552 224 -1136) (1552 224 -600) (1288 224 -600) 
4 281 286 (1552 224 -1136) (1840 224 -1136) (1840 224 -672) (1552 224 -672) 
4 281 282 (1288 520 -1136) (1288 224 -1136) (1288 224 -600) (1288 520 -600) 
4 282 287 (24 224 -1136) (1288 224 -1136) (1288 224 -600) (24 224 -600) 
4 283 289 (24 224 -1136) (-232 224 -1136) (-232 528 -1136) (24 528 -1136) 
4 283 288 (-232 224 -1136) (24 224 -1136) (24 224 -544) (-232 224 -544) 
4 284 449 (2480 -224 -1136) (2736 -224 -1136) (2736 -224 -672) (2480 -224 -672) 
4 284 433 (2736 -224 -672) (2736 -224 -600) (2480 -224 -600) (2480 -224 -672) 
4 284 329 (2736 -224 -600) (2736 -224 -544) (2480 -224 -544) (2480 -224 -600) 
4 284 289 (2736 -224 -1136) (2480 -224 -1136) (2480 224 -1136) (2736 224 -1136) 
4 285 452 (1840 -224 -1136) (2480 -224 -1136) (2480 -224 -672) (1840 -224 -672) 
4 285 434 (2480 -224 -672) (2480 -224 -600) (1840 -224 -600) (1840 -224 -672) 
4 285 330 (2480 -224 -600) (2480 -224 -544) (1840 -224 -544) (1840 -224 -600) 
4 285 286 (1840 224 -672) (1840 224 -1136) (1840 -224 -1136) (1840 -224 -672) 
4 286 452 (1552 -224 -1136) (1840 -224 -1136) (1840 -224 -672) (1552 -224 -672) 
4 286 287 (1552 224 -672) (1552 224 -1136) (1552 -224 -1136) (1552 -224 -672) 
4 287 452 (24 -224 -1136) (1552 -224 -1136) (1552 -224 -672) (24 -224 -672) 
4 287 445 (1296 -224 -600) (24 -224 -600) (24 -224 -672) (1296 -224 -672) 
4 287 442 (1304 -224 -600) (1296 -224 -600) (1296 -224 -672) (1304 -224 -672) 
4 287 435 (1552 -224 -672) (1552 -224 -600) (1304 -224 -600) (1304 -224 -672) 
4 288 454 (-232 -224 -1136) (24 -224 -1136) (24 -224 -600) (-232 -224 -600) 
4 288 331 (24 -224 -600) (24 -224 -544) (-232 -224 -544) (-232 -224 -600) 
4 288 289 (24 -224 -1136) (-232 -224 -1136) (-232 224 -1136) (24 224 -1136) 
4 289 456 (2736 -224 -1144) (2736 -224 -1136) (-232 -224 -1136) (-232 -224 -1144) 
4 290 329 (2736 -320 -544) (2480 -320 -544) (2480 -224 -544) (2736 -224 -544) 
4 290 303 (2480 -320 -544) (2736 -320 -544) (2736 -320 -360) (2480 -320 -360) 
4 291 330 (2480 -320 -544) (1840 -320 -544) (1840 -224 -544) (2480 -224 -544) 
4 291 304 (1840 -320 -544) (2480 -320 -544) (2480 -320 -360) (1840 -320 -360) 
4 292 294 (1568 -232 -383.99999999999994) (1568 -232 -544) (1816 -232 -544) (1816 -232 -383.99999999999994) 
4 293 294 (1568 -232 -360) (1568 -232 -368) (1816 -232 -368) (1816 -232 -360) 
4 294 299 (1568 -256 -392) (1568 -256 -544) (1816 -256 -544) (1816 -256 -392) 
4 294 296 (1568 -256 -360) (1568 -256 -368) (1816 -256 -368) (1816 -256 -360) 
4 294 295 (1568 -256 -384) (1568 -256 -392) (1816 -256 -392) (1816 -256 -384) 
4 295 299 (1568 -264 -392) (1568 -256 -392) (1816 -256 -392) (1816 -264 -392) 
4 297 300 (1568 -288 -384) (1568 -288 -392) (1816 -288 -392) (1816 -288 -384) 
4 297 299 (1816 -288 -392) (1568 -288 -392) (1568 -280 -392) (1816 -280 -392) 
4 298 300 (1568 -288 -360) (1568 -288 -368) (1816 -288 -368) (1816 -288 -360) 
4 299 300 (1568 -288 -392) (1568 -288 -544) (1816 -288 -544) (1816 -288 -392) 
4 300 302 (1680 -304 -536) (1680 -304 -448) (1584 -304 -448) (1584 -304 -536) 
4 300 301 (1696 -304 -544) (1768 -304 -544) (1768 -304 -448) (1696 -304 -448) 
4 301 305 (1696 -320 -544) (1768 -320 -544) (1768 -320 -448) (1696 -320 -448) 
4 302 305 (1680 -320 -536) (1680 -320 -448) (1584 -320 -448) (1584 -320 -536) 
4 303 332 (2480 -328 -544) (2736 -328 -544) (2736 -328 -360) (2480 -328 -360) 
4 303 329 (2736 -328 -544) (2480 -328 -544) (2480 -320 -544) (2736 -320 -544) 
4 304 333 (1840 -328 -544) (2480 -328 -544) (2480 -328 -360) (1840 -328 -360) 
4 304 330 (2480 -328 -544) (1840 -328 -544) (1840 -320 -544) (2480 -320 -544) 
4 305 341 (1552 -328 -544) (1560 -328 -544) (1560 -328 -528) (1552 -328 -528) 
4 305 340 (1560 -328 -520) (1560 -328 -360) (1552 -328 -360) (1552 -328 -520) 
4 305 337 (1560 -328 -544) (1688 -328 -544) (1688 -328 -360) (1560 -328 -360) 
4 305 335 (1688 -328 -544) (1696 -328 -544) (1696 -328 -360) (1688 -328 -360) 
4 305 334 (1696 -328 -544) (1794.6666666666667 -328 -544) (1794.6666666666667 -328 -360) (1696 -328 -360) 
4 305 317 (1552 -320 -544) (1552 -328 -544) (1552 -328 -360) (1552 -320 -360) 
4 306 310 (1184 -304 -368) (1176 -304 -368) (1176 -224 -368) (1184 -224 -368) 
4 306 309 (1200 -304 -368) (1192 -304 -368) (1192 -224 -368) (1200 -224 -368) 
4 306 308 (1216 -304 -368) (1208 -304 -368) (1208 -224 -368) (1216 -224 -368) 
4 306 307 (1232 -304 -368) (1224 -304 -368) (1224 -224 -368) (1232 -224 -368) 
4 307 316 (1232 -304 -376) (1224 -304 -376) (1224 -232 -376) (1232 -232 -376) 
4 308 316 (1216 -304 -376) (1208 -304 -376) (1208 -232 -376) (1216 -232 -376) 
4 309 316 (1200 -304 -376) (1192 -304 -376) (1192 -232 -376) (1200 -232 -376) 
4 310 316 (1184 -304 -376) (1176 -304 -376) (1176 -232 -376) (1184 -232 -376) 
4 311 316 (1536 -232 -384) (1536 -232 -376) (1288 -232 -376) (1288 -232 -384) 
4 311 312 (1536 -232 -384) (1288 -232 -384) (1288 -224 -384) (1536 -224 -384) 
4 312 316 (1288 -232 -504) (1536 -232 -504) (1536 -232 -384) (1288 -232 -384) 
4 313 316 (1256 -232 -504) (1280 -232 -504) (1280 -232 -384) (1256 -232 -384) 
4 313 314 (1256 -232 -408) (1256 -232 -384) (1256 -224 -384) (1256 -224 -408) 
4 314 316 (1256 -232 -408) (1256 -232 -384) (1168 -232 -384) (1168 -232 -408) 
4 315 316 (1168 -232 -504) (1248 -232 -504) (1248 -232 -416) (1168 -232 -416) 
4 318 323 (1080 -312 -544) (1080 -320 -544) (1080 -320 -520) (1080 -312 -520) 
4 318 322 (1080 -320 -520) (1080 -320 -360) (1080 -312 -360) (1080 -312 -520) 
4 318 321 (1080 -280.0000000000001 -544) (1080 -312 -544) (1080 -312 -360) (1080 -280.0000000000001 -360) 
4 318 320 (1080 -320 -360) (1080 -320 -544) (1104 -320 -544) (1104 -320 -360) 
4 318 319 (1112 -320 -520) (1112 -320 -360) (1104 -320 -360) (1104 -320 -520) 
4 319 376 (1112 -328 -520) (1112 -328 -360) (1104 -328 -360) (1104 -328 -520) 
4 319 320 (1104 -320 -360) (1104 -320 -520) (1104 -328 -520) (1104 -328 -360) 
4 320 382 (1080 -328 -544) (1104 -328 -544) (1104 -328 -360) (1080 -328 -360) 
4 320 323 (1080 -320 -544) (1080 -328 -544) (1080 -328 -520) (1080 -320 -520) 
4 320 322 (1080 -328 -520) (1080 -328 -360) (1080 -320 -360) (1080 -320 -520) 
4 321 325 (608 -224 -360) (608 -224 -544) (608 -312 -544) (608 -312 -360) 
4 321 324 (664 -312 -544) (840 -312 -544) (840 -312 -520) (664 -312 -520) 
4 321 323 (896 -312 -544) (1080 -312 -544) (1080 -312 -520) (896 -312 -520) 
4 321 322 (608 -312 -360) (608 -312 -520) (1080 -312 -520) (1080 -312 -360) 
4 322 382 (1080 -328 -520) (1080 -328 -360) (1040 -328 -360) (1040 -328 -520) 
4 322 325 (608 -328 -520) (608 -328 -360) (608 -312 -360) (608 -312 -520) 
4 322 324 (664 -312 -520) (840 -312 -520) (840 -328 -520) (664 -328 -520) 
4 322 323 (896 -312 -520) (1080 -312 -520) (1080 -328 -520) (896 -328 -520) 
4 323 382 (1040 -328 -544) (1080 -328 -544) (1080 -328 -520) (1040 -328 -520) 
4 325 326 (520 -224 -448) (520 -224 -544) (520 -328 -544) (520 -328 -448) 
4 326 327 (488 -224 -448) (488 -224 -544) (488 -328 -544) (488 -328 -448) 
4 327 388 (104 -328 -544) (488 -328 -544) (488 -328 -360) (104 -328 -360) 
4 328 396 (-232 -328 -544) (24 -328 -544) (24 -328 -360) (-232 -328 -360) 
4 328 331 (24 -328 -544) (-232 -328 -544) (-232 -224 -544) (24 -224 -544) 
4 329 433 (2736 -328 -600) (2480 -328 -600) (2480 -224 -600) (2736 -224 -600) 
4 329 343 (2480 -328 -600) (2736 -328 -600) (2736 -328 -544) (2480 -328 -544) 
4 330 434 (2480 -328 -600) (1840 -328 -600) (1840 -224 -600) (2480 -224 -600) 
4 330 344 (1840 -328 -600) (2480 -328 -600) (2480 -328 -544) (1840 -328 -544) 
4 331 454 (24 -328 -600) (-232 -328 -600) (-232 -224 -600) (24 -224 -600) 
4 331 396 (-232 -328 -600) (24 -328 -600) (24 -328 -544) (-232 -328 -544) 
4 332 346 (2736 -408 -360) (2480 -408 -360) (2480 -408 -544) (2736 -408 -544) 
4 332 343 (2736 -408 -544) (2480 -408 -544) (2480 -328 -544) (2736 -328 -544) 
4 333 347 (2480 -408 -360) (1840 -408 -360) (1840 -408 -544) (2480 -408 -544) 
4 333 344 (2480 -408 -544) (1840 -408 -544) (1840 -328 -544) (2480 -328 -544) 
4 334 355 (1696 -408 -512) (1696 -408 -544) (1816 -408 -544) (1816 -408 -512) 
4 334 348 (1816 -408 -360) (1696 -408 -360) (1696 -408 -512) (1816 -408 -512) 
4 334 336 (1696 -408 -520) (1696 -408 -360) (1696 -400 -360) (1696 -400 -520) 
4 334 335 (1696 -328 -360) (1696 -328 -544) (1696 -400 -544) (1696 -400 -360) 
4 335 337 (1688 -328 -360) (1688 -328 -544) (1688 -400 -544) (1688 -400 -360) 
4 335 336 (1688 -400 -360) (1688 -400 -520) (1696 -400 -520) (1696 -400 -360) 
4 336 357 (1688 -408 -512) (1688 -408 -520) (1696 -408 -520) (1696 -408 -512) 
4 336 348 (1696 -408 -360) (1688 -408 -360) (1688 -408 -512) (1696 -408 -512) 
4 336 338 (1688 -408 -520) (1688 -408 -360) (1688 -400 -360) (1688 -400 -520) 
4 337 341 (1560 -328 -528) (1560 -328 -544) (1560 -400 -544) (1560 -400 -528) 
4 337 340 (1560 -328 -360) (1560 -328 -520) (1560 -400 -520) (1560 -400 -360) 
4 337 339 (1560 -400 -528) (1560 -400 -544) (1688 -400 -544) (1688 -400 -528) 
4 337 338 (1560 -400 -360) (1560 -400 -520) (1688 -400 -520) (1688 -400 -360) 
4 338 357 (1560 -408 -512) (1560 -408 -520) (1688 -408 -520) (1688 -408 -512) 
4 338 348 (1688 -408 -360) (1560 -408 -360) (1560 -408 -512) (1688 -408 -512) 
4 338 342 (1560 -408 -520) (1560 -408 -360) (1560 -400 -360) (1560 -400 -520) 
4 339 357 (1560 -408 -528) (1560 -408 -544) (1688 -408 -544) (1688 -408 -528) 
4 340 342 (1552 -400 -360) (1552 -400 -520) (1560 -400 -520) (1560 -400 -360) 
4 342 357 (1552 -408 -512) (1552 -408 -520) (1560 -408 -520) (1560 -408 -512) 
4 342 348 (1560 -408 -360) (1552 -408 -360) (1552 -408 -512) (1560 -408 -512) 
4 343 433 (2736 -408 -600) (2480 -408 -600) (2480 -328 -600) (2736 -328 -600) 
4 343 346 (2480 -408 -600) (2736 -408 -600) (2736 -408 -544) (2480 -408 -544) 
4 344 434 (2480 -408 -600) (1840 -408 -600) (1840 -328 -600) (2480 -328 -600) 
4 344 347 (1840 -408 -600) (2480 -408 -600) (2480 -408 -544) (1840 -408 -544) 
4 345 379 (1112 -392 -568) (1112 -408 -568) (1112 -408 -552) (1112 -392 -552) 
4 345 378 (1112 -408 -544) (1112 -408 -360) (1112 -384 -360) (1112 -384 -544) 
4 345 377 (1112 -328 -528) (1112 -328 -568) (1112 -384 -568) (1112 -384 -552) 
4 345 376 (1112 -328 -360) (1112 -328 -520) (1112 -384 -544.0000000000001) (1112 -384 -360) 
4 345 362 (1112 -408 -512) (1112 -408 -600) (1296 -408 -600) (1296 -408 -512) 
4 345 354 (1112 -408 -488) (1112 -408 -512) (1288 -408 -512) (1288 -408 -488) 
4 345 353 (1112 -408 -360) (1112 -408 -488) (1296 -408 -488) (1296 -408 -360) 
4 346 436 (2736 -520 -600) (2480 -520 -600) (2480 -408 -600) (2736 -408 -600) 
4 346 363 (2480 -520 -600) (2736 -520 -600) (2736 -520 -360) (2480 -520 -360) 
4 347 439 (2480 -520 -600) (1840 -520 -600) (1840 -408 -600) (2480 -408 -600) 
4 347 364 (1840 -520 -600) (2480 -520 -600) (2480 -520 -360) (1840 -520 -360) 
4 348 357 (1552 -408 -512) (1696 -408 -512) (1696 -520 -512) (1552 -520 -512) 
4 348 355 (1696 -408 -512) (1816 -408 -512) (1816 -520 -512) (1696 -520 -512) 
4 348 350 (1552 -408 -496) (1552 -408 -512) (1552 -520 -512) (1552 -520 -496) 
3 348 349 (1552 -415.99999999999983 -496) (1552 -520 -496) (1552 -520 -448) 
3 349 351 (1312 -520 -488) (1312 -520 -448) (1312 -433.3333333333332 -488) 
4 349 350 (1312 -520 -496) (1312 -415.99999999999983 -496) (1552 -415.99999999999983 -496) (1552 -520 -496) 
4 350 357 (1312 -408 -512) (1552 -408 -512) (1552 -520 -512) (1312 -520 -512) 
4 351 352 (1304 -416 -488) (1304 -512 -488) (1304 -512 -360) (1304 -416 -360) 
4 352 353 (1296 -416 -488) (1296 -512 -488) (1296 -512 -360) (1296 -416 -360) 
4 353 378 (1112 -520 -488) (1112 -520 -360) (1112 -408 -360) (1112 -408 -488) 
4 353 369 (1112 -520 -360) (1112 -520 -488) (1160 -520 -488) (1160 -520 -360) 
4 353 367 (1160 -520 -488) (1176 -520 -488) (1176 -520 -360) (1160 -520 -360) 
4 353 366 (1176 -520 -488) (1296 -520 -488) (1296 -520 -360) (1176 -520 -360) 
4 353 354 (1112 -408 -488) (1288 -408 -488) (1288 -520 -488) (1112 -520 -488) 
4 354 378 (1112 -520 -512) (1112 -520 -488) (1112 -408 -488) (1112 -408 -512) 
4 354 369 (1112 -520 -488) (1112 -520 -512) (1160 -520 -512) (1160 -520 -488) 
4 354 367 (1160 -520 -512) (1176 -520 -512) (1176 -520 -488) (1160 -520 -488) 
4 354 366 (1176 -520 -512) (1288 -520 -512) (1288 -520 -488) (1176 -520 -488) 
4 354 362 (1112 -408 -512) (1288 -408 -512) (1288 -520 -512) (1112 -520 -512) 
4 355 357 (1696 -520 -552) (1696 -520 -512) (1696 -408 -512) (1696 -408 -552) 
4 355 356 (1696 -520 -552) (1696 -432 -552) (1816 -456 -552) (1816 -520 -552) 
3 356 358 (1767.9999999999998 -520 -568) (1696 -520 -568) (1696 -432 -568) 
4 356 357 (1696 -431.99999999999994 -568) (1696 -520 -568) (1696 -520 -552) (1696 -432 -552) 
4 357 361 (1304 -512 -512) (1304 -416 -512) (1304 -416 -568) (1304 -512 -568) 
4 357 359 (1304 -520 -568) (1304 -408 -568) (1696 -408 -568) (1696 -520 -568) 
4 358 359 (1696 -432.0000000000001 -584) (1696 -520 -584) (1696 -520 -568) (1696 -432.0000000000001 -568) 
4 359 361 (1304 -512 -568) (1304 -416 -568) (1304 -416 -584) (1304 -512 -584) 
4 359 360 (1304 -520 -584) (1304 -408 -584) (1696 -408 -584) (1690.8571428571452 -520 -584) 
4 360 361 (1304 -512 -584) (1304 -416 -584) (1304 -416 -600) (1304 -512 -600) 
4 361 362 (1296 -512 -512) (1296 -416 -512) (1296 -416 -600) (1296 -512 -600) 
4 362 379 (1112 -520 -568) (1112 -520 -552) (1112 -408 -552) (1112 -408 -568) 
4 362 378 (1112 -520 -544) (1112 -520 -512) (1112 -408 -512) (1112 -408 -544) 
4 362 369 (1112 -520 -512) (1112 -520 -600) (1160 -520 -600) (1160 -520 -512) 
4 362 367 (1160 -520 -600) (1176 -520 -600) (1176 -520 -512) (1160 -520 -512) 
4 362 366 (1176 -520 -600) (1296 -520 -600) (1296 -520 -512) (1176 -520 -512) 
4 363 436 (2736 -608 -600) (2480 -608 -600) (2480 -520 -600) (2736 -520 -600) 
4 363 397 (2480 -608 -600) (2736 -608 -600) (2736 -608 -360) (2480 -608 -360) 
4 364 439 (2480 -608 -600) (1832 -608 -600) (1832 -520 -600) (2480 -520 -600) 
4 364 398 (1832 -608 -600) (2480 -608 -600) (2480 -608 -360) (1832 -608 -360) 
4 364 365 (1832 -528 -600) (1832 -608 -600) (1832 -608 -360) (1832 -528 -360) 
4 365 440 (1832 -608 -600) (1304 -608 -600) (1304 -528 -600) (1832 -528 -600) 
4 365 398 (1304 -608 -600) (1832 -608 -600) (1832 -608 -360) (1304 -608 -360) 
4 366 368 (1176 -608 -592) (1176 -608 -360) (1176 -544 -360) (1176 -544 -592) 
4 366 367 (1176 -520 -360) (1176 -520 -600) (1176 -544 -600) (1176 -544 -360) 
4 367 369 (1160 -520 -360) (1160 -520 -600) (1160 -544 -600) (1160 -544 -360) 
4 367 368 (1160 -544 -360) (1160 -544 -592) (1176 -544 -592) (1176 -544 -360) 
4 368 370 (1160 -608 -584) (1160 -608 -360) (1160 -544 -360) (1160 -544 -584) 
4 369 380 (1112 -544 -544) (1112 -544 -360) (1112 -536 -360) (1112 -536 -544) 
4 369 379 (1112 -520 -552) (1112 -520 -568) (1112 -536 -568) (1112 -536 -552) 
4 369 378 (1112 -536 -360) (1112 -520 -360) (1112 -520 -544) (1112 -536 -544) 
4 369 375 (1112 -544 -576) (1112 -544 -600) (1128 -544 -600) (1128 -544 -576) 
4 369 374 (1112 -544 -360) (1112 -544 -568) (1128 -544 -568) (1128 -544 -360) 
4 369 373 (1128 -544 -600) (1144 -544 -600) (1144 -544 -584) (1128 -544 -584) 
4 369 372 (1144 -544 -576) (1144 -544 -360) (1128 -544 -360) (1128 -544 -576) 
4 369 371 (1144 -544 -600) (1160 -544 -600) (1160 -544 -592) (1144 -544 -592) 
4 369 370 (1160 -544 -584) (1160 -544 -360) (1144 -544 -360) (1144 -544 -584) 
4 370 372 (1144 -544 -360) (1144 -544 -576) (1144 -608 -576) (1144 -608 -360) 
4 371 373 (1144 -544 -592) (1144 -544 -600) (1144 -608 -600) (1144 -608 -592) 
4 372 374 (1128 -544 -360) (1128 -544 -568) (1128 -608 -568) (1128 -608 -360) 
4 373 375 (1128 -544 -584) (1128 -544 -600) (1128 -608 -600) (1128 -608 -584) 
4 374 381 (1112 -608 -568) (1112 -608 -360) (1112 -544 -360) (1112 -544 -568) 
4 376 385 (1104 -360 -533.7142857142858) (1104 -384 -544.0000000000001) (1104 -384 -360) (1104 -360 -360) 
4 376 384 (1104 -344 -526.8571428571429) (1104 -360 -533.7142857142858) (1104 -360 -360) (1104 -344 -360) 
4 376 382 (1104 -328 -360) (1104 -328 -520) (1104 -344 -526.8571428571429) (1104 -344 -360) 
4 376 378 (1104 -384 -360) (1104 -384 -544) (1112 -384 -544.0000000000001) (1112 -384 -360) 
4 377 387 (1104 -376 -568) (1104 -384 -568) (1104 -384 -560) (1104 -376 -560) 
4 377 386 (1104 -328 -560) (1104 -328 -568) (1104 -360 -568) (1104 -360 -560) 
4 377 385 (1104 -360 -560) (1104 -384 -560) (1104 -384 -552) (1104 -360 -541.7142857142858) 
4 377 384 (1104 -360 -552) (1104 -360 -541.7142857142858) (1104 -344 -534.8571428571429) (1104 -344 -552) 
4 377 383 (1104 -328 -552) (1104 -328 -560) (1104 -344 -560) (1104 -344 -552) 
4 377 382 (1104 -328 -528) (1104 -328 -544) (1104 -344 -544) (1104 -344 -534.8571428571429) 
4 378 385 (1104 -536 -544) (1104 -536 -360) (1104 -384 -360) (1104 -384 -544) 
4 378 380 (1104 -536 -360) (1104 -536 -544) (1112 -536 -544) (1112 -536 -360) 
4 379 387 (1104 -392 -568) (1104 -536 -568) (1104 -536 -560) (1104 -392 -560) 
4 379 385 (1104 -536 -560) (1104 -536 -552) (1104 -392 -552) (1104 -392 -560) 
4 380 385 (1104 -544 -544) (1104 -544 -360) (1104 -536 -360) (1104 -536 -544) 
4 380 381 (1104 -544 -360) (1104 -544 -544) (1112 -544 -544) (1112 -544 -360) 
4 381 387 (1104 -544 -568) (1104 -608 -568) (1104 -608 -560) (1104 -544 -560) 
4 381 385 (1104 -608 -560) (1104 -608 -360) (1104 -544 -360) (1104 -544 -560) 
4 382 384 (1040 -344 -360) (1040 -344 -544) (1104 -344 -544) (1104 -344 -360) 
4 383 386 (1040 -344 -560) (1040 -328 -560) (1104 -328 -560) (1104 -344 -560) 
4 384 385 (1040 -360 -360) (1040 -360 -552) (1104 -360 -552) (1104 -360 -360) 
4 385 387 (1040 -608 -560) (1040 -376 -560) (1104 -376 -560) (1104 -608 -560) 
4 388 395 (104 -592 -360) (104 -592 -600) (160 -592 -600) (160 -592 -360) 
4 388 394 (160 -592 -600) (168.00000000000009 -592 -600) (168.00000000000009 -592 -360) (160 -592 -360) 
4 388 393 (184.00000000000009 -592 -600) (192 -592 -600) (192 -592 -360) (184.00000000000009 -592 -360) 
4 388 392 (192 -592 -600) (320 -592 -600) (320 -592 -360) (192 -592 -360) 
4 388 391 (320 -592 -600) (327.99999999999994 -592 -600) (327.99999999999994 -592 -360) (320 -592 -360) 
4 388 390 (344 -592 -600) (352 -592 -600) (352 -592 -360) (344 -592 -360) 
4 388 389 (352 -592 -600) (488 -592 -600) (488 -592 -360) (352 -592 -360) 
4 389 390 (352 -592 -360) (352 -592 -600) (352 -600 -600) (352 -600 -360) 
4 391 392 (320 -592 -360) (320 -592 -600) (320 -599.9999999999999 -600) (320 -599.9999999999999 -360) 
4 392 412 (192 -608 -600) (320 -608 -600) (320 -608 -512) (192 -608 -512) 
4 392 411 (320 -608 -480) (320 -608 -456) (192 -608 -456) (192 -608 -480) 
4 392 410 (320 -608 -424) (320 -608 -392) (192 -608 -392) (192 -608 -424) 
4 392 393 (192 -592 -360) (192 -592 -600) (192 -599.9999999999999 -600) (192 -599.9999999999999 -360) 
4 394 395 (160 -592 -360) (160 -592 -600) (160 -600.0000000000001 -600) (160 -600.0000000000001 -360) 
4 396 454 (24 -608 -600) (-232 -608 -600) (-232 -328 -600) (24 -328 -600) 
4 396 431 (-232 -608 -600) (24 -608 -600) (24 -608 -360) (-232 -608 -360) 
4 397 436 (2736 -624 -600) (2480 -624 -600) (2480 -608 -600) (2736 -608 -600) 
4 397 399 (2480 -624 -600) (2736 -624 -600) (2736 -624 -360) (2480 -624 -360) 
4 398 440 (1832 -624 -600) (1304 -624 -600) (1304 -608 -600) (1832 -608 -600) 
4 398 439 (2480 -624 -600) (1832 -624 -600) (1832 -608 -600) (2480 -608 -600) 
4 398 402 (1304 -624 -600) (2480 -624 -600) (2480 -624 -360) (1304 -624 -360) 
4 399 436 (2736 -1784 -600) (2480 -1784 -600) (2480 -624 -600) (2736 -624 -600) 
4 399 400 (2480 -1784 -360) (2480 -1784 -600) (2736 -1784 -600) (2736 -1784 -360) 
4 400 437 (2480 -1792 -600) (2480 -1784 -600) (2736 -1784 -600) (2736 -1792 -600) 
4 400 404 (2480 -1784 -600) (2480 -1792 -600) (2480 -1792 -360) (2480 -1784 -360) 
4 400 401 (2480 -1792 -360) (2480 -1792 -600) (2736 -1792 -600) (2736 -1792 -360) 
4 401 438 (2480 -2040 -600) (2480 -1792 -600) (2736 -1792 -600) (2736 -2040 -600) 
4 401 404 (2480 -1792 -600) (2480 -2040 -600) (2480 -2040 -360) (2480 -1792 -360) 
4 402 446 (400 -624 -600) (1304 -624 -600) (1304 -1784 -600) (400 -1784 -600) 
4 402 440 (1304 -624 -600) (1832 -624 -600) (1832 -1784 -600) (1304 -1784 -600) 
4 402 439 (1832 -624 -600) (2480 -624 -600) (2480 -1784 -600) (1832 -1784 -600) 
4 402 403 (400 -1632 -600) (400 -1784 -600) (400 -1784 -360) (400 -1632 -360) 
4 403 447 (320 -1784 -600) (320 -1632 -600) (400 -1632 -600) (400 -1784 -600) 
4 403 418 (320 -1640 -600) (320 -1784 -600) (320 -1784 -512) (320 -1640 -512) 
4 403 416 (320 -1784 -512) (320 -1784 -360) (320 -1640 -360) (320 -1640 -512) 
4 404 441 (2088 -2040 -600) (2088 -1784 -600) (2480 -1784 -600) (2480 -2040 -600) 
4 404 408 (2088 -1904 -600) (2088 -2040 -600) (2088 -2040 -360) (2088 -1904 -360) 
4 404 407 (2088 -1888 -600) (2088 -1904 -600) (2088 -1904 -568) (2088 -1888 -568) 
4 404 406 (2088 -1904 -456) (2088 -1904 -360) (2088 -1888 -360) (2088 -1888 -456) 
4 404 405 (2088 -1784 -360) (2088 -1784 -600) (2088 -1888 -600) (2088 -1888 -360) 
4 405 441 (1936 -1888 -600) (1936 -1784 -600) (2088 -1784 -600) (2088 -1888 -600) 
4 405 409 (1936 -1784 -360) (1936 -1784 -600) (1936 -1888 -600) (1936 -1888 -360) 
4 405 407 (1936 -1888 -568) (1936 -1888 -600) (2088 -1888 -600) (2088 -1888 -568) 
4 405 406 (1936 -1888 -360) (1936 -1888 -456) (2088 -1888 -456) (2088 -1888 -360) 
4 406 409 (1936 -1904 -456) (1936 -1904 -360) (1936 -1888 -360) (1936 -1888 -456) 
4 406 408 (1936 -1904 -360) (1936 -1904 -456) (2088 -1904 -456) (2088 -1904 -360) 
4 407 441 (1936 -1904 -600) (1936 -1888 -600) (2088 -1888 -600) (2088 -1904 -600) 
4 407 409 (1936 -1888 -600) (1936 -1904 -600) (1936 -1904 -568) (1936 -1888 -568) 
4 407 408 (1936 -1904 -568) (1936 -1904 -600) (2088 -1904 -600) (2088 -1904 -568) 
4 408 441 (1936 -2040 -600) (1936 -1904 -600) (2088 -1904 -600) (2088 -2040 -600) 
4 408 409 (1936 -1904 -600) (1936 -2040 -600) (1936 -2040 -360) (1936 -1904 -360) 
4 409 448 (320 -2040 -600) (320 -1784 -600) (1304 -1784 -600) (1304 -2040 -600) 
4 409 441 (1304 -1784 -600) (1936 -1784 -600) (1936 -2040 -600) (1304 -2040 -600) 
4 409 419 (320 -1784 -600) (320 -2040 -600) (320 -2040 -360) (320 -1784 -360) 
4 412 415 (192 -624 -512) (192 -624 -600) (320 -624 -600) (320 -624 -512) 
4 413 422 (192 -864 -504) (192 -864 -512) (192 -1072 -512) (192 -1072 -504) 
4 413 421 (192 -864 -384) (192 -864 -504) (192 -1072 -504) (192 -1072 -384) 
4 413 420 (192 -1072 -360) (192 -864 -360) (192 -864 -368) (192 -1072 -368) 
4 413 415 (192 -1072 -512) (192 -864 -512) (320 -864 -512) (320 -1072 -512) 
4 413 414 (192 -1072 -360) (192 -1072 -504) (320 -1072 -504) (320 -1072 -360) 
4 414 421 (192 -1080 -504) (192 -1080 -384) (192 -1072 -384) (192 -1072 -504) 
4 414 420 (192 -1080 -368) (192 -1080 -360) (192 -1072 -360) (192 -1072 -368) 
4 415 423 (192 -864 -600) (192 -1080 -600) (192 -1080 -512) (192 -864 -512) 
4 415 417 (192 -1080 -512) (192 -1080 -600) (320 -1080 -600) (320 -1080 -512) 
4 416 427 (192 -1784 -512) (192 -1784 -360) (192 -1640 -360) (192 -1640 -512) 
4 416 418 (320 -1784 -512) (192 -1784 -512) (192 -1640 -512) (320 -1640 -512) 
4 418 447 (192 -1784 -600) (192 -1640 -600) (320 -1640 -600) (320 -1784 -600) 
4 418 427 (192 -1640 -600) (192 -1784 -600) (192 -1784 -512) (192 -1640 -512) 
4 419 448 (192 -2040 -600) (192 -1784 -600) (320 -1784 -600) (320 -2040 -600) 
4 419 428 (192 -1784 -600) (192 -2040 -600) (192 -2040 -360) (192 -1784 -360) 
4 421 422 (112 -864 -504) (192 -864 -504) (192 -1072 -504) (112 -1072 -504) 
4 422 423 (112 -864 -512) (192 -864 -512) (192 -1072 -512) (112 -1072 -512) 
4 423 426 (112 -984 -600) (112 -1080 -600) (112 -1080 -512) (112 -984 -512) 
4 423 425 (112 -960 -600) (112 -976 -600) (112 -976 -512) (112 -960 -512) 
4 423 424 (112 -864 -512) (112 -864 -600) (112 -952 -600) (112 -952 -512) 
4 427 447 (104 -1784 -600) (104 -1640 -600) (192 -1640 -600) (192 -1784 -600) 
4 427 429 (104 -1640 -600) (104 -1784 -600) (104 -1784 -360) (104 -1640 -360) 
4 428 448 (104 -2040 -600) (104 -1784 -600) (192 -1784 -600) (192 -2040 -600) 
4 428 430 (104 -1784 -600) (104 -2040 -600) (104 -2040 -360) (104 -1784 -360) 
4 429 447 (24 -1784 -600) (24 -1632 -600) (104 -1632 -600) (104 -1784 -600) 
4 430 448 (24 -2040 -600) (24 -1784 -600) (104 -1784 -600) (104 -2040 -600) 
4 430 432 (24 -1784 -600) (24 -2040 -600) (24 -2040 -360) (24 -1784 -360) 
4 431 454 (-232 -608 -600) (24 -608 -600) (24 -1784 -600) (-232 -1784 -600) 
4 431 432 (8 -1784 -600) (24 -1784 -600) (24 -1784 -360) (8 -1784 -360) 
4 432 455 (8 -2040 -600) (8 -1784 -600) (24 -1784 -600) (24 -2040 -600) 
4 433 449 (2736 -408 -672) (2480 -408 -672) (2480 -224 -672) (2736 -224 -672) 
4 433 436 (2480 -408 -672) (2736 -408 -672) (2736 -408 -600) (2480 -408 -600) 
4 434 452 (2480 -408 -672) (1840 -408 -672) (1840 -224 -672) (2480 -224 -672) 
4 434 439 (1840 -408 -672) (2480 -408 -672) (2480 -408 -600) (1840 -408 -600) 
4 435 452 (1552 -408 -672) (1304 -408 -672) (1304 -224 -672) (1552 -224 -672) 
4 435 442 (1304 -224 -672) (1304 -408 -672) (1304 -408 -600) (1304 -224 -600) 
4 436 449 (2736 -1784 -672) (2480 -1784 -672) (2480 -408 -672) (2736 -408 -672) 
4 436 437 (2480 -1784 -600) (2480 -1784 -672) (2736 -1784 -672) (2736 -1784 -600) 
4 437 450 (2480 -1792 -672) (2480 -1784 -672) (2736 -1784 -672) (2736 -1792 -672) 
4 437 441 (2480 -1784 -672) (2480 -1792 -672) (2480 -1792 -600) (2480 -1784 -600) 
4 437 438 (2480 -1792 -600) (2480 -1792 -672) (2736 -1792 -672) (2736 -1792 -600) 
4 438 451 (2480 -2040 -672) (2480 -1792 -672) (2736 -1792 -672) (2736 -2040 -672) 
4 438 441 (2480 -1792 -672) (2480 -2040 -672) (2480 -2040 -600) (2480 -1792 -600) 
4 439 452 (1832 -408 -672) (2480 -408 -672) (2480 -1784 -672) (1832 -1784 -672) 
4 439 440 (1832 -528 -672) (1832 -1784 -672) (1832 -1784 -600) (1832 -528 -600) 
4 440 452 (1304 -1784 -672) (1304 -528 -672) (1832 -528 -672) (1832 -1784 -672) 
4 440 446 (1304 -624 -672) (1304 -1784 -672) (1304 -1784 -600) (1304 -624 -600) 
4 440 444 (1304 -528 -672) (1304 -624 -672) (1304 -624 -600) (1304 -528 -600) 
4 441 453 (1304 -2040 -672) (1304 -1784 -672) (2480 -1784 -672) (2480 -2040 -672) 
4 441 448 (1304 -1784 -672) (1304 -2040 -672) (1304 -2040 -600) (1304 -1784 -600) 
4 442 452 (1296 -224 -672) (1304 -224 -672) (1304 -408 -672) (1296 -408 -672) 
4 442 445 (1296 -224 -672) (1296 -328 -672) (1296 -328 -600) (1296 -224 -600) 
4 442 443 (1296 -408 -608) (1296 -408 -672) (1304 -408 -672) (1304 -408 -608) 
4 443 452 (1304 -408 -672) (1304 -520 -672) (1296 -520 -672) (1296 -408 -672) 
4 443 444 (1296 -520 -608) (1296 -520 -672) (1304 -520 -672) (1304 -520 -608) 
4 444 452 (1304 -520 -672) (1304 -624 -672) (1296 -624 -672) (1296 -520 -672) 
4 444 446 (1296 -624 -672) (1304 -624 -672) (1304 -624 -600) (1296 -624 -600) 
4 445 452 (24 -328 -672) (24 -224 -672) (1296 -224 -672) (1296 -328 -672) 
4 446 452 (400 -624 -672) (1304 -624 -672) (1304 -1784 -672) (400 -1784 -672) 
4 446 447 (400 -1632 -672) (400 -1784 -672) (400 -1784 -600) (400 -1632 -600) 
4 447 452 (24 -1784 -672) (24 -1632 -672) (400 -1632 -672) (400 -1784 -672) 
4 448 455 (24 -2040 -600) (24 -1784 -600) (24 -1784 -672) (24 -2040 -672) 
4 448 453 (24 -2040 -672) (24 -1784 -672) (1304 -1784 -672) (1304 -2040 -672) 
4 449 456 (2736 -1784 -1136) (2480 -1784 -1136) (2480 -224 -1136) (2736 -224 -1136) 
4 449 450 (2480 -1784 -672) (2480 -1784 -1136) (2736 -1784 -1136) (2736 -1784 -672) 
4 450 453 (2480 -1784 -1136) (2480 -1792 -1136) (2480 -1792 -672) (2480 -1784 -672) 
4 450 451 (2480 -1792 -672) (2480 -1792 -1136) (2736 -1792 -1136) (2736 -1792 -672) 
4 451 453 (2480 -1792 -1136) (2480 -2040 -1136) (2480 -2040 -672) (2480 -1792 -672) 
4 453 455 (24 -1784 -1136) (24 -2040 -1136) (24 -2040 -672) (24 -1784 -672) 
4 454 456 (-232 -224 -1136) (24 -224 -1136) (24 -1784 -1136) (-232 -1784 -1136) 
4 454 455 (8 -1784 -1136) (24 -1784 -1136) (24 -1784 -600) (8 -1784 -600) 
0 -1
1 -1
2 -1
3 -1
4 -1
5 -1
6 -1
7 -1
8 -1
9 -1
10 -1
11 -1
12 -1
13 -1
14 -1
15 -1
16 -1
17 -1
18 -1
19 -1
20 -1
21 -1
22 -1
23 -1
24 -1
25 -1
26 -1
27 -1
28 -1
29 -1
30 -1
31 -1
32 -1
33 -1
34 -1
35 -1
36 -1
37 -1
38 -1
39 -1
40 -1
41 -1
42 -1
43 -1
44 -1
45 -1
46 -1
47 -1
48 -1
49 -1
50 -1
51 -1
52 -1
53 -1
54 -1
55 -1
56 -1
57 -1
58 -1
59 -1
60 -1
61 -1
62 -1
63 -1
64 -1
65 -1
66 -1
67 -1
68 -1
69 -1
70 -1
71 -1
72 -1
73 -1
74 -1
75 -1
76 -1
77 -1
78 -1
79 -1
80 -1
81 -1
82 -1
83 -1
84 -1
85 -1
86 -1
87 -1
88 -1
89 -1
90 91 92 93 -1
94 -1
95 -1
96 -1
97 -1
98 -1
99 -1
100 -1
101 -1
102 -1
103 -1
104 -1
105 -1
106 -1
107 -1
108 -1
109 -1
110 -1
111 -1
112 -1
113 -1
114 -1
115 -1
116 -1
117 -1
118 -1
119 -1
120 -1
121 -1
122 -1
123 -1
124 -1
125 -1
126 -1
127 -1
128 -1
129 -1
130 -1
131 -1
132 -1
133 -1
134 -1
135 -1
136 -1
137 -1
138 -1
139 -1
140 -1
141 -1
142 -1
143 -1
144 -1
145 -1
146 -1
147 -1
148 -1
149 -1
150 -1
151 -1
152 -1
153 -1
154 -1
155 -1
156 -1
157 -1
158 -1
159 -1
160 -1
161 -1
162 -1
163 -1
164 -1
165 -1
166 -1
167 -1
168 -1
169 -1
170 -1
171 -1
172 -1
173 -1
174 -1
175 -1
176 -1
177 -1
178 -1
179 -1
180 -1
181 -1
182 -1
183 -1
184 -1
185 -1
186 -1
187 -1
188 -1
189 -1
190 -1
191 -1
192 -1
193 -1
194 -1
195 -1
196 -1
197 -1
198 -1
199 -1
200 -1
201 -1
202 -1
203 -1
204 -1
205 -1
206 -1
207 -1
208 -1
209 -1
210 -1
211 -1
212 -1
213 -1
214 -1
215 -1
216 -1
217 -1
218 -1
219 -1
220 -1
221 -1
222 -1
223 -1
224 -1
225 -1
226 -1
227 -1
228 -1
229 -1
230 -1
231 -1
232 -1
233 -1
234 -1
235 -1
236 -1
237 -1
238 239 -1
240 -1
241 -1
242 -1
243 -1
244 -1
245 -1
246 -1
247 -1
248 -1
249 -1
250 -1
251 -1
252 -1
253 -1
254 -1
255 -1
256 -1
257 -1
258 -1
259 -1
260 -1
261 -1
262 -1
263 -1
264 -1
265 -1
266 -1
267 -1
268 -1
269 -1
270 -1
271 -1
272 -1
273 -1
274 -1
275 -1
276 -1
277 -1
278 -1
279 -1
280 -1
281 -1
282 -1
283 -1
284 -1
285 -1
286 -1
287 -1
288 -1
289 -1
290 -1
291 -1
292 -1
293 -1
294 -1
295 -1
296 -1
297 -1
298 -1
299 -1
300 -1
301 -1
302 -1
303 -1
304 -1
305 -1
306 307 -1
308 -1
309 -1
310 -1
311 -1
312 -1
313 -1
314 -1
315 -1
316 -1
317 -1
318 -1
319 -1
320 -1
321 -1
322 -1
323 -1
324 -1
325 -1
326 -1
327 -1
328 -1
329 -1
330 -1
331 -1
332 -1
333 -1
334 -1
335 -1
336 -1
337 -1
338 -1
339 -1
340 -1
341 -1
342 -1
343 -1
344 -1
345 -1
346 -1
347 -1
348 -1
349 -1
350 -1
351 -1
352 -1
353 -1
354 -1
355 -1
356 -1
357 -1
358 -1
359 -1
360 -1
361 -1
362 -1
363 -1
364 -1
365 -1
366 -1
367 -1
368 -1
369 -1
370 -1
371 -1
372 -1
373 -1
374 -1
375 -1
376 -1
377 -1
378 -1
379 -1
380 -1
381 -1
382 -1
383 -1
384 -1
385 -1
386 -1
387 -1
388 -1
389 -1
390 -1
391 -1
392 -1
393 -1
394 -1
395 -1
396 -1
397 -1
398 -1
399 -1
400 -1
401 -1
402 -1
403 -1
404 -1
405 -1
406 -1
407 -1
408 -1
409 -1
410 -1
411 -1
412 -1
413 -1
414 -1
415 -1
416 -1
417 -1
418 -1
419 -1
420 -1
421 -1
422 -1
423 -1
424 -1
425 -1
426 -1
427 -1
428 -1
429 -1
430 -1
431 -1
432 -1
433 -1
434 -1
435 -1
436 -1
437 -1
438 -1
439 -1
440 -1
441 -1
442 -1
443 -1
444 -1
445 -1
446 -1
447 -1
448 -1
449 -1
450 -1
451 -1
452 -1
453 -1
454 -1
455 -1
456 -1
457 -1
458 -1
459 -1
460 -1
461 -1
